RepRapFirmware/src/Storage/MassStorage.cpp:119:17:static ExpressionValue SdCardInfo::<lambda(const ObjectModel*, ObjectExplorationContext&)>::_FUN(const ObjectModel*, ObjectExplorationContext&)	0	static
RepRapFirmware/src/Storage/MassStorage.cpp:134:1:virtual const ObjectModelClassDescriptor* SdCardInfo::GetObjectModelClassDescriptor() const	0	static
RepRapFirmware/src/Storage/MassStorage.cpp:54:8:SdCardInfo::~SdCardInfo()	0	static
RepRapFirmware/src/Storage/MassStorage.cpp:138:19:void __tcf_0(void*)	0	static
RepRapFirmware/src/Storage/MassStorage.cpp:602:13:bool InternalDelete(const char*, bool)	80	static
RepRapFirmware/src/Storage/MassStorage.cpp:271:15:time_t ConvertTimeStamp(uint16_t, uint16_t)	48	static
RepRapFirmware/src/Storage/MassStorage.cpp:54:8:virtual SdCardInfo::~SdCardInfo()	8	static
RepRapFirmware/src/Storage/MassStorage.cpp:237:13:bool VolumeUpdated(const char*)	8	static
RepRapFirmware/src/Storage/MassStorage.cpp:123:16:static ExpressionValue SdCardInfo::<lambda(const ObjectModel*, ObjectExplorationContext&)>::_FUN(const ObjectModel*, ObjectExplorationContext&)	8	static
RepRapFirmware/src/Storage/MassStorage.cpp:122:15:static ExpressionValue SdCardInfo::<lambda(const ObjectModel*, ObjectExplorationContext&)>::_FUN(const ObjectModel*, ObjectExplorationContext&)	8	static
./RRFLibraries/src/General/String.h:34:7:bool String<Len>::copy(const char*) [with unsigned int Len = 100]	16	static
RepRapFirmware/src/Storage/MassStorage.cpp:117:18:static ExpressionValue SdCardInfo::<lambda(const ObjectModel*, ObjectExplorationContext&)>::_FUN(const ObjectModel*, ObjectExplorationContext&)	16	static
RepRapFirmware/src/Storage/MassStorage.cpp:72:6:void SdCardInfo::Clear(unsigned int)	0	static
RepRapFirmware/src/Storage/MassStorage.cpp:157:17:bool MassStorage::CombineName(const StringRef&, const char*, const char*)	56	static
RepRapFirmware/src/Storage/MassStorage.cpp:230:10:uint16_t MassStorage::GetVolumeSeq(unsigned int)	0	static
RepRapFirmware/src/Storage/MassStorage.cpp:333:6:void MassStorage::Init()	16	static
RepRapFirmware/src/Storage/MassStorage.cpp:379:6:void MassStorage::Init2()	0	static
RepRapFirmware/src/Storage/MassStorage.cpp:467:12:FileStore* MassStorage::OpenFile(const char*, OpenMode, uint32_t)	40	static
RepRapFirmware/src/Storage/MassStorage.cpp:491:6:void MassStorage::CloseAllFiles()	24	static
RepRapFirmware/src/Storage/MassStorage.cpp:518:6:bool MassStorage::DirectoryExists(const StringRef&)	56	static
RepRapFirmware/src/Storage/MassStorage.cpp:508:6:bool MassStorage::DirectoryExists(const char*)	120	static
RepRapFirmware/src/Storage/MassStorage.cpp:547:18:FileWriteBuffer* MassStorage::AllocateWriteBuffer()	16	static
RepRapFirmware/src/Storage/MassStorage.cpp:561:6:void MassStorage::ReleaseWriteBuffer(FileWriteBuffer*)	16	static
RepRapFirmware/src/Storage/MassStorage.cpp:657:6:bool MassStorage::Delete(const char*, bool)	16	static
RepRapFirmware/src/Storage/MassStorage.cpp:694:6:bool MassStorage::FindFirst(const char*, FileInfo&)	272	static
RepRapFirmware/src/Storage/MassStorage.cpp:744:6:bool MassStorage::FindNext(FileInfo&)	160	static
RepRapFirmware/src/Storage/MassStorage.cpp:777:6:void MassStorage::AbandonFindNext()	8	static
RepRapFirmware/src/Storage/MassStorage.cpp:793:13:const char* MassStorage::GetMonthName(uint8_t)	0	static
RepRapFirmware/src/Storage/MassStorage.cpp:799:6:bool MassStorage::EnsurePath(const char*, bool)	160	static
RepRapFirmware/src/Storage/MassStorage.cpp:845:6:bool MassStorage::MakeDirectory(const char*, bool)	16	static
RepRapFirmware/src/Storage/MassStorage.cpp:913:6:bool MassStorage::FileExists(const char*)	152	static
RepRapFirmware/src/Storage/MassStorage.cpp:864:6:bool MassStorage::Rename(const char*, const char*, bool, bool)	40	static
RepRapFirmware/src/Storage/MassStorage.cpp:935:8:time_t MassStorage::GetLastModifiedTime(const char*)	152	static
RepRapFirmware/src/Storage/MassStorage.cpp:945:6:bool MassStorage::SetLastModifiedTime(const char*, time_t)	208	static
RepRapFirmware/src/Storage/MassStorage.cpp:962:6:bool MassStorage::CheckDriveMounted(const char*)	8	static
RepRapFirmware/src/Storage/MassStorage.cpp:971:6:bool MassStorage::AnyFileOpen(const FATFS*)	32	static
RepRapFirmware/src/Storage/MassStorage.cpp:120:19:static ExpressionValue SdCardInfo::<lambda(const ObjectModel*, ObjectExplorationContext&)>::_FUN(const ObjectModel*, ObjectExplorationContext&)	8	static
RepRapFirmware/src/Storage/MassStorage.cpp:985:14:unsigned int MassStorage::InvalidateFiles(const FATFS*, bool)	32	static
RepRapFirmware/src/Storage/MassStorage.cpp:256:21:unsigned int InternalUnmount(size_t, bool)	56	static
RepRapFirmware/src/Storage/MassStorage.cpp:392:6:void MassStorage::Spin()	40	static
RepRapFirmware/src/Storage/MassStorage.cpp:999:6:bool MassStorage::IsCardDetected(size_t)	0	static
RepRapFirmware/src/Storage/MassStorage.cpp:1011:13:GCodeResult MassStorage::Mount(size_t, const StringRef&, bool, uint32_t)	96	static
RepRapFirmware/src/Storage/MassStorage.cpp:1107:13:GCodeResult MassStorage::Unmount(size_t, const StringRef&)	16	static
RepRapFirmware/src/Storage/MassStorage.cpp:1128:6:bool MassStorage::IsDriveMounted(size_t)	0	static
RepRapFirmware/src/Storage/MassStorage.cpp:1137:14:unsigned int MassStorage::GetNumFreeFiles()	16	static
RepRapFirmware/src/Storage/MassStorage.cpp:1151:13:GCodeResult MassStorage::GetFileInfo(const char*, GCodeFileInfo&, bool)	0	static
RepRapFirmware/src/Storage/MassStorage.cpp:1156:6:void MassStorage::Diagnostics(MessageType)	48	static
RepRapFirmware/src/Storage/MassStorage.cpp:1270:8:Mutex& MassStorage::GetVolumeMutex(size_t)	0	static
RepRapFirmware/src/Storage/MassStorage.cpp:1277:21:const ObjectModel* MassStorage::GetVolume(size_t)	0	static
RepRapFirmware/src/Storage/MassStorage.cpp:1289:6:int ff_cre_syncobj(BYTE, Mutex**)	0	static
RepRapFirmware/src/Storage/MassStorage.cpp:1296:6:int ff_req_grant(Mutex*)	8	static
RepRapFirmware/src/Storage/MassStorage.cpp:1303:7:void ff_rel_grant(Mutex*)	0	static
RepRapFirmware/src/Storage/MassStorage.cpp:1309:6:int ff_del_syncobj(Mutex*)	0	static
./RRFLibraries/src/General/String.h:98:26:) [with unsigned int Len = 100]	20	static
RepRapFirmware/src/Storage/MassStorage.cpp:1183:6:void MassStorage::RecordSimulationTime(const char*, uint32_t)	152	static
./RRFLibraries/src/General/String.h:98:26:) [with unsigned int Len = 50]	20	static
RepRapFirmware/src/Storage/MassStorage.cpp:1236:25:MassStorage::InfoResult MassStorage::GetCardInfo(size_t, MassStorage::SdCardReturnedInfo&)	88	static
RepRapFirmware/src/Storage/MassStorage.cpp:121:22:static ExpressionValue SdCardInfo::<lambda(const ObjectModel*, ObjectExplorationContext&)>::_FUN(const ObjectModel*, ObjectExplorationContext&)	48	static
RepRapFirmware/src/Storage/MassStorage.cpp:118:19:static ExpressionValue SdCardInfo::<lambda(const ObjectModel*, ObjectExplorationContext&)>::_FUN(const ObjectModel*, ObjectExplorationContext&)	48	static
RepRapFirmware/src/Storage/MassStorage.cpp:1313:1:cpp)	16	static
