./RRFLibraries/src/General/function_ref.h:31:41:) [with Callable = GCodes::HandleMcode(GCodeBuffer&, const StringRef&)::<lambda(unsigned int)>; Ret = void; Params = {unsigned int}]	8	static
./RRFLibraries/src/General/function_ref.h:31:41:) [with Callable = GCodes::HandleMcode(GCodeBuffer&, const StringRef&)::<lambda(unsigned int)>; Ret = void; Params = {unsigned int}]	0	static
RepRapFirmware/src/GCodes/GCodeBuffer/GCodeBuffer.h:353:13:void GCodeBuffer::SetState(GCodeState)	0	static
./RRFLibraries/src/RTOSIface/RTOSIface.h:408:2:ReadLocker::~ReadLocker()	8	static
RepRapFirmware/src/GCodes/GCodeBuffer/GCodeBuffer.h:92:11:uint32_t GCodeBuffer::GetLimitedUIValue(char, uint32_t)	0	static
RepRapFirmware/src/GCodes/GCodes2.cpp:4669:6:bool GCodes::HandleTcode(GCodeBuffer&, const StringRef&)	24	static
RepRapFirmware/src/GCodes/GCodes2.cpp:4745:6:bool GCodes::HandleQcode(GCodeBuffer&, const StringRef&)	16	static
RepRapFirmware/src/GCodes/GCodes2.cpp:4759:6:bool GCodes::HandleResult(GCodeBuffer&, GCodeResult, const StringRef&, OutputBuffer*)	88	static
./RRFLibraries/src/General/String.h:98:26:) [with unsigned int Len = 256]	20	static
./RRFLibraries/src/General/String.h:98:26:) [with unsigned int Len = 20]	20	static
RepRapFirmware/src/GCodes/GCodes2.cpp:4646:13:GCodeResult GCodes::TryMacroFile(GCodeBuffer&)	56	static
RepRapFirmware/src/GCodes/GCodes2.cpp:133:6:bool GCodes::HandleGcode(GCodeBuffer&, const StringRef&)	48	static
RepRapFirmware/src/GCodes/GCodes2.cpp:454:6:bool GCodes::HandleMcode(GCodeBuffer&, const StringRef&)	672	static
RepRapFirmware/src/GCodes/GCodes2.cpp:70:6:bool GCodes::ActOnCode(GCodeBuffer&, const StringRef&)	24	static
RepRapFirmware/src/GCodes/GCodes2.cpp:4845:1:cpp)	0	static
