./RRFLibraries/src/General/function_ref.h:31:41:) [with Callable = GCodes::RunStateMachine(GCodeBuffer&, const StringRef&)::<lambda(unsigned int, unsigned int)>; Ret = void; Params = {unsigned int, unsigned int}]	16	static
RepRapFirmware/src/GCodes/GCodeBuffer/GCodeBuffer.h:364:13:void GCodeBuffer::AdvanceState()	0	static
RepRapFirmware/src/GCodes/GCodeBuffer/GCodeBuffer.h:353:13:void GCodeBuffer::SetState(GCodeState)	0	static
./RRFLibraries/src/RTOSIface/RTOSIface.h:408:2:ReadLocker::~ReadLocker()	8	static
./RepRapFirmware/src/Endstops/ZProbe.h:41:8:float ZProbe::GetStartingHeight() const	16	static
./RRFLibraries/src/General/String.h:98:26:) [with unsigned int Len = 20]	20	static
./RRFLibraries/src/General/String.h:98:26:) [with unsigned int Len = 256]	20	static
RepRapFirmware/src/GCodes/GCodes4.cpp:1546:6:void GCodes::DoStraightManualProbe(GCodeBuffer&, const StraightProbeSettings&)	288	static
RepRapFirmware/src/GCodes/GCodes4.cpp:28:6:void GCodes::RunStateMachine(GCodeBuffer&, const StringRef&)	304	static
RepRapFirmware/src/GCodes/GCodes4.cpp:1551:1:cpp)	0	static
