RepRapFirmware/src/GCodes/ObjectTracker.cpp:73:6:void ObjectTracker::Init()	0	static
RepRapFirmware/src/GCodes/ObjectTracker.cpp:250:6:void ObjectTracker::StopPrinting(GCodeBuffer&)	8	static
RepRapFirmware/src/GCodes/ObjectTracker.cpp:257:6:void ObjectTracker::ResumePrinting(GCodeBuffer&)	16	static
RepRapFirmware/src/GCodes/ObjectTracker.cpp:89:6:void ObjectTracker::ChangeToObject(GCodeBuffer&, int)	16	static
RepRapFirmware/src/GCodes/ObjectTracker.cpp:107:13:GCodeResult ObjectTracker::HandleM486(GCodeBuffer&, const StringRef&, OutputBuffer*&)	24	static
./RRFLibraries/src/General/String.h:98:26:) [with unsigned int Len = 20]	20	static
RepRapFirmware/src/GCodes/ObjectTracker.cpp:271:6:bool ObjectTracker::WriteObjectDirectory(FileStore*) const	56	static
./RRFLibraries/src/General/function_ref.h:31:41:) [with Callable = ObjectTracker::WriteObjectDirectory(FileStore*) const::<lambda(unsigned int, bool)>; Ret = bool; Params = {unsigned int, unsigned int}]	32	static
RepRapFirmware/src/GCodes/ObjectTracker.cpp:311:1:cpp)	0	static
