RepRapFirmware/src/Movement/BedProbing/Grid.cpp:30:2:static constexpr size_t<lambda(const ObjectModel*, const ObjectExplorationContext&)>::_FUN(const ObjectModel*, const ObjectExplorationContext&)	0	static
RepRapFirmware/src/Movement/BedProbing/Grid.cpp:59:13:static ExpressionValue GridDefinition::<lambda(const ObjectModel*, ObjectExplorationContext&)>::_FUN(const ObjectModel*, ObjectExplorationContext&)	0	static
RepRapFirmware/src/Movement/BedProbing/Grid.cpp:60:13:static ExpressionValue GridDefinition::<lambda(const ObjectModel*, ObjectExplorationContext&)>::_FUN(const ObjectModel*, ObjectExplorationContext&)	0	static
RepRapFirmware/src/Movement/BedProbing/Grid.cpp:61:13:static ExpressionValue GridDefinition::<lambda(const ObjectModel*, ObjectExplorationContext&)>::_FUN(const ObjectModel*, ObjectExplorationContext&)	0	static
RepRapFirmware/src/Movement/BedProbing/Grid.cpp:62:15:static ExpressionValue GridDefinition::<lambda(const ObjectModel*, ObjectExplorationContext&)>::_FUN(const ObjectModel*, ObjectExplorationContext&)	0	static
RepRapFirmware/src/Movement/BedProbing/Grid.cpp:63:16:static ExpressionValue GridDefinition::<lambda(const ObjectModel*, ObjectExplorationContext&)>::_FUN(const ObjectModel*, ObjectExplorationContext&)	0	static
RepRapFirmware/src/Movement/BedProbing/Grid.cpp:65:13:static ExpressionValue GridDefinition::<lambda(const ObjectModel*, ObjectExplorationContext&)>::_FUN(const ObjectModel*, ObjectExplorationContext&)	0	static
RepRapFirmware/src/Movement/BedProbing/Grid.cpp:66:13:static ExpressionValue GridDefinition::<lambda(const ObjectModel*, ObjectExplorationContext&)>::_FUN(const ObjectModel*, ObjectExplorationContext&)	0	static
RepRapFirmware/src/Movement/BedProbing/Grid.cpp:67:16:static ExpressionValue GridDefinition::<lambda(const ObjectModel*, ObjectExplorationContext&)>::_FUN(const ObjectModel*, ObjectExplorationContext&)	0	static
RepRapFirmware/src/Movement/BedProbing/Grid.cpp:68:13:static ExpressionValue GridDefinition::<lambda(const ObjectModel*, ObjectExplorationContext&)>::_FUN(const ObjectModel*, ObjectExplorationContext&)	0	static
RepRapFirmware/src/Movement/BedProbing/Grid.cpp:69:13:static ExpressionValue GridDefinition::<lambda(const ObjectModel*, ObjectExplorationContext&)>::_FUN(const ObjectModel*, ObjectExplorationContext&)	0	static
RepRapFirmware/src/Movement/BedProbing/Grid.cpp:70:16:static ExpressionValue GridDefinition::<lambda(const ObjectModel*, ObjectExplorationContext&)>::_FUN(const ObjectModel*, ObjectExplorationContext&)	0	static
RepRapFirmware/src/Movement/BedProbing/Grid.cpp:75:1:virtual const ObjectModelClassDescriptor* GridDefinition::GetObjectModelClassDescriptor() const	0	static
RepRapFirmware/src/Movement/BedProbing/Grid.h:21:7:GridDefinition::~GridDefinition()	0	static
RepRapFirmware/src/Movement/BedProbing/Grid.cpp:31:2:static ExpressionValue<lambda(const ObjectModel*, ObjectExplorationContext&)>::_FUN(const ObjectModel*, ObjectExplorationContext&)	16	static
RepRapFirmware/src/Movement/BedProbing/Grid.cpp:45:2:static ExpressionValue<lambda(const ObjectModel*, ObjectExplorationContext&)>::_FUN(const ObjectModel*, ObjectExplorationContext&)	16	static
RepRapFirmware/src/Movement/BedProbing/Grid.cpp:38:2:static ExpressionValue<lambda(const ObjectModel*, ObjectExplorationContext&)>::_FUN(const ObjectModel*, ObjectExplorationContext&)	16	static
RepRapFirmware/src/Movement/BedProbing/Grid.cpp:52:2:static ExpressionValue<lambda(const ObjectModel*, ObjectExplorationContext&)>::_FUN(const ObjectModel*, ObjectExplorationContext&)	16	static
RepRapFirmware/src/Movement/BedProbing/Grid.h:21:7:virtual GridDefinition::~GridDefinition()	8	static
RepRapFirmware/src/Movement/BedProbing/Grid.cpp:44:2:static constexpr size_t<lambda(const ObjectModel*, const ObjectExplorationContext&)>::_FUN(const ObjectModel*, const ObjectExplorationContext&)	0	static
RepRapFirmware/src/Movement/BedProbing/Grid.cpp:51:2:static constexpr size_t<lambda(const ObjectModel*, const ObjectExplorationContext&)>::_FUN(const ObjectModel*, const ObjectExplorationContext&)	0	static
RepRapFirmware/src/Movement/BedProbing/Grid.cpp:37:2:static constexpr size_t<lambda(const ObjectModel*, const ObjectExplorationContext&)>::_FUN(const ObjectModel*, const ObjectExplorationContext&)	0	static
RepRapFirmware/src/Movement/BedProbing/Grid.cpp:87:1:GridDefinition::GridDefinition()	8	static
RepRapFirmware/src/Movement/BedProbing/Grid.cpp:118:6:void GridDefinition::CheckValidity(bool)	24	static
RepRapFirmware/src/Movement/BedProbing/Grid.cpp:100:6:bool GridDefinition::Set(const char*, const float*, const float*, float, const float*)	16	static
RepRapFirmware/src/Movement/BedProbing/Grid.cpp:157:6:bool GridDefinition::IsInRadius(float, float) const	0	static
RepRapFirmware/src/Movement/BedProbing/Grid.cpp:163:6:void GridDefinition::PrintParameters(const StringRef&) const	112	static
RepRapFirmware/src/Movement/BedProbing/Grid.cpp:170:6:void GridDefinition::WriteHeadingAndParameters(const StringRef&) const	96	static
RepRapFirmware/src/Movement/BedProbing/Grid.cpp:177:16:static int GridDefinition::CheckHeading(const StringRef&)	16	static
RepRapFirmware/src/Movement/BedProbing/Grid.cpp:190:6:bool GridDefinition::ReadParameters(const StringRef&, int)	32	static
RepRapFirmware/src/Movement/BedProbing/Grid.cpp:294:6:void GridDefinition::PrintError(float, float, const StringRef&) const	8	static
RepRapFirmware/src/Movement/BedProbing/Grid.cpp:330:1:HeightMap::HeightMap()	8	static
RepRapFirmware/src/Movement/BedProbing/Grid.cpp:339:6:void HeightMap::ClearGridHeights()	8	static
RepRapFirmware/src/Movement/BedProbing/Grid.cpp:332:6:void HeightMap::SetGrid(const GridDefinition&)	0	static
RepRapFirmware/src/Movement/BedProbing/Grid.cpp:353:6:void HeightMap::SetGridHeight(size_t, float)	0	static
RepRapFirmware/src/Movement/BedProbing/Grid.cpp:348:6:void HeightMap::SetGridHeight(size_t, size_t, float)	0	static
RepRapFirmware/src/Movement/BedProbing/Grid.cpp:364:14:unsigned int HeightMap::GetMinimumSegments(float, float) const	0	static
RepRapFirmware/src/Movement/BedProbing/Grid.cpp:562:6:bool HeightMap::UseHeightMap(bool)	0	static
RepRapFirmware/src/Movement/BedProbing/Grid.cpp:598:7:float HeightMap::InterpolateAxis0Axis1(uint32_t, uint32_t, float, float) const	0	static
RepRapFirmware/src/Movement/BedProbing/Grid.cpp:569:7:float HeightMap::GetInterpolatedHeightError(float, float) const	24	static
./RRFLibraries/src/General/Bitmap.h:337:7:bool LargeBitmap<N>::IsBitSet(unsigned int) const [with unsigned int N = 441]	0	static
RepRapFirmware/src/Movement/BedProbing/Grid.cpp:531:14:unsigned int HeightMap::GetStatistics(Deviation&, float&, float&) const	72	static
RepRapFirmware/src/Movement/BedProbing/Grid.cpp:612:6:void HeightMap::ExtrapolateMissing()	88	static
RepRapFirmware/src/Movement/BedProbing/Grid.cpp:442:6:bool HeightMap::LoadFromFile(FileStore*, const char*, const StringRef&)	464	static
RepRapFirmware/src/Movement/BedProbing/Grid.cpp:378:6:bool HeightMap::SaveToFile(FileStore*, const char*, float)	656	static
RepRapFirmware/src/Movement/BedProbing/Grid.cpp:701:1:cpp)	0	static
