FreeRTOS/src/queue.c:2291:19:prvIsQueueEmpty	8	static
FreeRTOS/src/queue.c:2074:19:prvCopyDataToQueue	24	static
FreeRTOS/src/queue.c:2882:20:prvNotifyQueueSetContainer	24	static
FreeRTOS/src/queue.c:2153:13:prvCopyDataFromQueue	4	static
FreeRTOS/src/queue.c:2171:13:prvUnlockQueue	16	static
FreeRTOS/src/queue.c:255:12:xQueueGenericReset	16	static
FreeRTOS/src/queue.c:310:16:xQueueGenericCreateStatic	16	static
FreeRTOS/src/queue.c:532:15:xQueueGetMutexHolder	8	static
FreeRTOS/src/queue.c:563:15:xQueueGetMutexHolderFromISR	8	static
FreeRTOS/src/queue.c:686:16:xQueueCreateCountingSemaphoreStatic	16	static
FreeRTOS/src/queue.c:740:12:xQueueGenericSend	48	static
FreeRTOS/src/queue.c:512:16:xQueueCreateMutexStatic	16	static
FreeRTOS/src/queue.c:589:13:xQueueGiveMutexRecursive	16	static
FreeRTOS/src/queue.c:950:12:xQueueGenericSendFromISR	32	static
FreeRTOS/src/queue.c:1112:12:xQueueGiveFromISR	16	static
FreeRTOS/src/queue.c:1277:12:xQueueReceive	40	static
FreeRTOS/src/queue.c:1418:12:xQueueSemaphoreTake	40	static
FreeRTOS/src/queue.c:644:13:xQueueTakeMutexRecursive	24	static
FreeRTOS/src/queue.c:1636:12:xQueuePeek	40	static
FreeRTOS/src/queue.c:1785:12:xQueueReceiveFromISR	32	static
FreeRTOS/src/queue.c:1876:12:xQueuePeekFromISR	24	static
FreeRTOS/src/queue.c:1930:13:uxQueueMessagesWaiting	16	static
FreeRTOS/src/queue.c:1946:13:uxQueueSpacesAvailable	16	static
FreeRTOS/src/queue.c:1963:13:uxQueueMessagesWaitingFromISR	8	static
FreeRTOS/src/queue.c:1975:6:vQueueDelete	8	static
FreeRTOS/src/queue.c:2312:12:xQueueIsQueueEmptyFromISR	8	static
FreeRTOS/src/queue.c:2352:12:xQueueIsQueueFullFromISR	8	static
FreeRTOS/src/queue.c:2787:13:xQueueAddToSet	16	static
FreeRTOS/src/queue.c:2820:13:xQueueRemoveFromSet	16	static
FreeRTOS/src/queue.c:2856:25:xQueueSelectFromSet	16	static
FreeRTOS/src/queue.c:2869:25:xQueueSelectFromSetFromISR	16	static
