RepRapFirmware/src/Endstops/ZProbe.cpp:28:2:static size_t ZProbe::<lambda(const ObjectModel*, const ObjectExplorationContext&)>::_FUN(const ObjectModel*, const ObjectExplorationContext&)	0	static
RepRapFirmware/src/Endstops/ZProbe.cpp:35:2:static constexpr size_t ZProbe::<lambda(const ObjectModel*, const ObjectExplorationContext&)>::_FUN(const ObjectModel*, const ObjectExplorationContext&)	0	static
RepRapFirmware/src/Endstops/ZProbe.cpp:49:2:static constexpr size_t ZProbe::<lambda(const ObjectModel*, const ObjectExplorationContext&)>::_FUN(const ObjectModel*, const ObjectExplorationContext&)	0	static
RepRapFirmware/src/Endstops/ZProbe.cpp:66:31:static ExpressionValue ZProbe::<lambda(const ObjectModel*, ObjectExplorationContext&)>::_FUN(const ObjectModel*, ObjectExplorationContext&)	0	static
RepRapFirmware/src/Endstops/ZProbe.cpp:67:25:static ExpressionValue ZProbe::<lambda(const ObjectModel*, ObjectExplorationContext&)>::_FUN(const ObjectModel*, ObjectExplorationContext&)	0	static
RepRapFirmware/src/Endstops/ZProbe.cpp:68:25:static ExpressionValue ZProbe::<lambda(const ObjectModel*, ObjectExplorationContext&)>::_FUN(const ObjectModel*, ObjectExplorationContext&)	0	static
RepRapFirmware/src/Endstops/ZProbe.cpp:69:22:static ExpressionValue ZProbe::<lambda(const ObjectModel*, ObjectExplorationContext&)>::_FUN(const ObjectModel*, ObjectExplorationContext&)	0	static
RepRapFirmware/src/Endstops/ZProbe.cpp:70:25:static ExpressionValue ZProbe::<lambda(const ObjectModel*, ObjectExplorationContext&)>::_FUN(const ObjectModel*, ObjectExplorationContext&)	0	static
RepRapFirmware/src/Endstops/ZProbe.cpp:71:24:static ExpressionValue ZProbe::<lambda(const ObjectModel*, ObjectExplorationContext&)>::_FUN(const ObjectModel*, ObjectExplorationContext&)	0	static
RepRapFirmware/src/Endstops/ZProbe.cpp:72:19:static ExpressionValue ZProbe::<lambda(const ObjectModel*, ObjectExplorationContext&)>::_FUN(const ObjectModel*, ObjectExplorationContext&)	0	static
RepRapFirmware/src/Endstops/ZProbe.cpp:73:23:static ExpressionValue ZProbe::<lambda(const ObjectModel*, ObjectExplorationContext&)>::_FUN(const ObjectModel*, ObjectExplorationContext&)	0	static
RepRapFirmware/src/Endstops/ZProbe.cpp:74:18:static ExpressionValue ZProbe::<lambda(const ObjectModel*, ObjectExplorationContext&)>::_FUN(const ObjectModel*, ObjectExplorationContext&)	0	static
RepRapFirmware/src/Endstops/ZProbe.cpp:75:19:static ExpressionValue ZProbe::<lambda(const ObjectModel*, ObjectExplorationContext&)>::_FUN(const ObjectModel*, ObjectExplorationContext&)	0	static
RepRapFirmware/src/Endstops/ZProbe.cpp:76:31:static ExpressionValue ZProbe::<lambda(const ObjectModel*, ObjectExplorationContext&)>::_FUN(const ObjectModel*, ObjectExplorationContext&)	0	static
RepRapFirmware/src/Endstops/ZProbe.cpp:77:31:static ExpressionValue ZProbe::<lambda(const ObjectModel*, ObjectExplorationContext&)>::_FUN(const ObjectModel*, ObjectExplorationContext&)	0	static
RepRapFirmware/src/Endstops/ZProbe.cpp:78:21:static ExpressionValue ZProbe::<lambda(const ObjectModel*, ObjectExplorationContext&)>::_FUN(const ObjectModel*, ObjectExplorationContext&)	0	static
RepRapFirmware/src/Endstops/ZProbe.cpp:79:21:static ExpressionValue ZProbe::<lambda(const ObjectModel*, ObjectExplorationContext&)>::_FUN(const ObjectModel*, ObjectExplorationContext&)	0	static
RepRapFirmware/src/Endstops/ZProbe.cpp:80:22:static ExpressionValue ZProbe::<lambda(const ObjectModel*, ObjectExplorationContext&)>::_FUN(const ObjectModel*, ObjectExplorationContext&)	0	static
RepRapFirmware/src/Endstops/ZProbe.cpp:81:24:static ExpressionValue ZProbe::<lambda(const ObjectModel*, ObjectExplorationContext&)>::_FUN(const ObjectModel*, ObjectExplorationContext&)	0	static
RepRapFirmware/src/Endstops/ZProbe.cpp:82:17:static ExpressionValue ZProbe::<lambda(const ObjectModel*, ObjectExplorationContext&)>::_FUN(const ObjectModel*, ObjectExplorationContext&)	0	static
RepRapFirmware/src/Endstops/ZProbe.cpp:83:18:static ExpressionValue ZProbe::<lambda(const ObjectModel*, ObjectExplorationContext&)>::_FUN(const ObjectModel*, ObjectExplorationContext&)	0	static
RepRapFirmware/src/Endstops/ZProbe.cpp:88:1:virtual const ObjectModelClassDescriptor* ZProbe::GetObjectModelClassDescriptor() const	0	static
RepRapFirmware/src/Endstops/ZProbe.cpp:227:19:virtual EndstopHitDetails ZProbe::CheckTriggered()	16	static
RepRapFirmware/src/Endstops/ZProbe.cpp:246:6:virtual bool ZProbe::Acknowledge(EndstopHitDetails)	8	static
RepRapFirmware/src/Endstops/ZProbe.cpp:29:2:static ExpressionValue ZProbe::<lambda(const ObjectModel*, ObjectExplorationContext&)>::_FUN(const ObjectModel*, ObjectExplorationContext&)	16	static
RepRapFirmware/src/Endstops/ZProbe.cpp:50:2:static ExpressionValue ZProbe::<lambda(const ObjectModel*, ObjectExplorationContext&)>::_FUN(const ObjectModel*, ObjectExplorationContext&)	16	static
RepRapFirmware/src/Endstops/ZProbe.cpp:381:13:virtual GCodeResult ZProbe::Configure(GCodeBuffer&, const StringRef&, bool&)	112	static
RepRapFirmware/src/Endstops/ZProbe.cpp:435:13:virtual GCodeResult ZProbe::SendProgram(const uint32_t*, size_t, const StringRef&)	8	static
RepRapFirmware/src/Endstops/ZProbe.cpp:58:2:static ExpressionValue ZProbe::<lambda(const ObjectModel*, ObjectExplorationContext&)>::_FUN(const ObjectModel*, ObjectExplorationContext&)	16	static
RepRapFirmware/src/Endstops/ZProbe.cpp:57:2:static constexpr size_t ZProbe::<lambda(const ObjectModel*, const ObjectExplorationContext&)>::_FUN(const ObjectModel*, const ObjectExplorationContext&)	0	static
RepRapFirmware/src/Endstops/ZProbe.cpp:98:6:void ZProbe::SetDefaults()	8	static
RepRapFirmware/src/Endstops/ZProbe.cpp:92:1:ZProbe::ZProbe(unsigned int, ZProbeType)	16	static
RepRapFirmware/src/Endstops/ZProbe.cpp:122:7:float ZProbe::GetActualTriggerHeight() const	16	static
RepRapFirmware/src/Endstops/ZProbe.cpp:158:5:int ZProbe::GetReading() const	8	static
RepRapFirmware/src/Endstops/ZProbe.cpp:220:6:virtual bool ZProbe::Stopped() const	8	static
RepRapFirmware/src/Endstops/ZProbe.cpp:202:5:int ZProbe::GetSecondaryValues(int&) const	8	static
RepRapFirmware/src/Endstops/ZProbe.cpp:36:2:static ExpressionValue ZProbe::<lambda(const ObjectModel*, ObjectExplorationContext&)>::_FUN(const ObjectModel*, ObjectExplorationContext&)	24	static
RepRapFirmware/src/Endstops/ZProbe.cpp:251:13:GCodeResult ZProbe::HandleG31(GCodeBuffer&, const StringRef&)	88	static
RepRapFirmware/src/Endstops/ZProbe.cpp:441:6:void ZProbe::SetLastStoppedHeight(float)	0	static
./RRFLibraries/src/General/String.h:98:26:) [with unsigned int Len = 256]	20	static
./RRFLibraries/src/General/String.h:107:26:) [with unsigned int Len = 256]	20	static
RepRapFirmware/src/Endstops/ZProbe.cpp:139:6:bool ZProbe::WriteParameters(FileStore*, unsigned int) const	304	static
RepRapFirmware/src/Endstops/ZProbe.cpp:445:1:cpp)	0	static
