RepRapFirmware/src/targets/common/Movement/StepperDrivers/SmartDrivers.cpp:18:6:void SmartDrivers::Init(size_t)	24	static
RepRapFirmware/src/targets/common/Movement/StepperDrivers/SmartDrivers.cpp:41:6:void SmartDrivers::Exit()	8	static
RepRapFirmware/src/targets/common/Movement/StepperDrivers/SmartDrivers.cpp:51:6:void SmartDrivers::Spin(bool)	8	static
RepRapFirmware/src/targets/common/Movement/StepperDrivers/SmartDrivers.cpp:61:6:bool SmartDrivers::IsReady()	8	static
RepRapFirmware/src/targets/common/Movement/StepperDrivers/SmartDrivers.cpp:76:6:void SmartDrivers::TurnDriversOff()	8	static
RepRapFirmware/src/targets/common/Movement/StepperDrivers/SmartDrivers.cpp:87:6:void SmartDrivers::SetAxisNumber(size_t, uint32_t)	0	static
RepRapFirmware/src/targets/common/Movement/StepperDrivers/SmartDrivers.cpp:95:10:uint32_t SmartDrivers::GetAxisNumber(size_t)	0	static
RepRapFirmware/src/targets/common/Movement/StepperDrivers/SmartDrivers.cpp:100:6:void SmartDrivers::SetCurrent(size_t, float)	0	static
RepRapFirmware/src/targets/common/Movement/StepperDrivers/SmartDrivers.cpp:108:6:void SmartDrivers::EnableDrive(size_t, bool)	0	static
RepRapFirmware/src/targets/common/Movement/StepperDrivers/SmartDrivers.cpp:116:22:StandardDriverStatus SmartDrivers::GetStatus(size_t, bool, bool)	0	static
RepRapFirmware/src/targets/common/Movement/StepperDrivers/SmartDrivers.cpp:127:6:bool SmartDrivers::SetMicrostepping(size_t, unsigned int, bool)	8	static
RepRapFirmware/src/targets/common/Movement/StepperDrivers/SmartDrivers.cpp:149:14:unsigned int SmartDrivers::GetMicrostepping(size_t, bool&)	0	static
RepRapFirmware/src/targets/common/Movement/StepperDrivers/SmartDrivers.cpp:154:6:bool SmartDrivers::SetDriverMode(size_t, unsigned int)	0	static
RepRapFirmware/src/targets/common/Movement/StepperDrivers/SmartDrivers.cpp:159:12:DriverMode SmartDrivers::GetDriverMode(size_t)	0	static
RepRapFirmware/src/targets/common/Movement/StepperDrivers/SmartDrivers.cpp:164:6:void SmartDrivers::SetStallThreshold(size_t, int)	0	static
RepRapFirmware/src/targets/common/Movement/StepperDrivers/SmartDrivers.cpp:174:6:void SmartDrivers::SetStallFilter(size_t, bool)	0	static
RepRapFirmware/src/targets/common/Movement/StepperDrivers/SmartDrivers.cpp:184:6:void SmartDrivers::SetStallMinimumStepsPerSecond(size_t, unsigned int)	0	static
RepRapFirmware/src/targets/common/Movement/StepperDrivers/SmartDrivers.cpp:194:6:void SmartDrivers::AppendStallConfig(size_t, const StringRef&)	0	static
RepRapFirmware/src/targets/common/Movement/StepperDrivers/SmartDrivers.cpp:208:6:void SmartDrivers::AppendDriverStatus(size_t, const StringRef&)	0	static
RepRapFirmware/src/targets/common/Movement/StepperDrivers/SmartDrivers.cpp:216:7:float SmartDrivers::GetStandstillCurrentPercent(size_t)	0	static
RepRapFirmware/src/targets/common/Movement/StepperDrivers/SmartDrivers.cpp:221:6:void SmartDrivers::SetStandstillCurrentPercent(size_t, float)	0	static
RepRapFirmware/src/targets/common/Movement/StepperDrivers/SmartDrivers.cpp:229:6:bool SmartDrivers::SetRegister(size_t, SmartDriverRegister, uint32_t)	0	static
RepRapFirmware/src/targets/common/Movement/StepperDrivers/SmartDrivers.cpp:234:10:uint32_t SmartDrivers::GetRegister(size_t, SmartDriverRegister)	0	static
RepRapFirmware/src/targets/common/Movement/StepperDrivers/SmartDrivers.cpp:239:13:GCodeResult SmartDrivers::GetAnyRegister(size_t, const StringRef&, uint8_t)	8	static
RepRapFirmware/src/targets/common/Movement/StepperDrivers/SmartDrivers.cpp:245:13:GCodeResult SmartDrivers::SetAnyRegister(size_t, const StringRef&, uint8_t, uint32_t)	8	static
RepRapFirmware/src/targets/common/Movement/StepperDrivers/SmartDrivers.cpp:253:15:DriversBitmap SmartDrivers::GetStalledDrivers(DriversBitmap)	0	static
RepRapFirmware/src/targets/common/Movement/StepperDrivers/SmartDrivers.cpp:261:6:void SmartDrivers::SetSenseResistor(size_t, float)	0	static
RepRapFirmware/src/targets/common/Movement/StepperDrivers/SmartDrivers.cpp:267:6:void SmartDrivers::SetMaxCurrent(size_t, float)	0	static
RepRapFirmware/src/targets/common/Movement/StepperDrivers/SmartDrivers.cpp:273:7:float SmartDrivers::GetSenseResistor(size_t)	0	static
RepRapFirmware/src/targets/common/Movement/StepperDrivers/SmartDrivers.cpp:278:7:float SmartDrivers::GetMaxCurrent(size_t)	0	static
RepRapFirmware/src/targets/common/Movement/StepperDrivers/SmartDrivers.cpp:281:1:cpp)	0	static
