./RRFLibraries/src/General/function_ref.h:31:41:) [with Callable = ListDrivers(const StringRef&, DriversBitmap)::<lambda(unsigned int, unsigned int)>; Ret = void; Params = {unsigned int, unsigned int}]	0	static
./RepRapFirmware/src/Platform/RepRap.h:57:7:RepRap::~RepRap()	8	static
RepRapFirmware/src/RepRapFirmware.cpp:175:24:const char* GetFloatFormatString(float, unsigned int)	0	static
RepRapFirmware/src/RepRapFirmware.cpp:217:24:const char* GetModuleName(uint8_t)	0	static
RepRapFirmware/src/RepRapFirmware.cpp:225:6:void MillisTimer::Start()	8	static
RepRapFirmware/src/RepRapFirmware.cpp:232:6:bool MillisTimer::Check(uint32_t) const	16	static
RepRapFirmware/src/RepRapFirmware.cpp:238:6:bool MillisTimer::CheckAndStop(uint32_t)	8	static
RepRapFirmware/src/RepRapFirmware.cpp:253:6:)	16	static
RepRapFirmware/src/RepRapFirmware.cpp:267:7:float HideNan(float)	0	static
RepRapFirmware/src/RepRapFirmware.cpp:273:6:void ListDrivers(const StringRef&, DriversBitmap)	32	static
./RepRapFirmware/src/Platform/RepRap.h:57:7:virtual RepRap::~RepRap()	8	static
RepRapFirmware/src/RepRapFirmware.cpp:276:1:cpp)	8	static
