RepRapFirmware/src/FilamentMonitors/FilamentMonitor.cpp:75:6:virtual void FilamentMonitor::Disable()	0	static
RepRapFirmware/src/FilamentMonitors/FilamentMonitor.cpp:246:17:static void FilamentMonitor::InterruptEntry(CallbackParameter)	8	static
./RRFLibraries/src/RTOSIface/RTOSIface.h:439:2:WriteLocker::~WriteLocker()	8	static
RepRapFirmware/src/FilamentMonitors/FilamentMonitor.cpp:41:8:static size_t FilamentMonitor::GetNumMonitorsToReport()	0	static
RepRapFirmware/src/FilamentMonitors/FilamentMonitor.cpp:54:1:FilamentMonitor::FilamentMonitor(unsigned int, unsigned int, DriverId)	24	static
RepRapFirmware/src/FilamentMonitors/FilamentMonitor.cpp:63:1:FilamentMonitor::~FilamentMonitor()	8	static
RepRapFirmware/src/FilamentMonitors/FilamentMonitor.cpp:63:1:virtual FilamentMonitor::~FilamentMonitor()	8	static
RepRapFirmware/src/FilamentMonitors/FilamentMonitor.cpp:83:13:GCodeResult FilamentMonitor::CommonConfigure(GCodeBuffer&, const StringRef&, InterruptMode, bool&)	40	static
RepRapFirmware/src/FilamentMonitors/FilamentMonitor.cpp:124:6:bool FilamentMonitor::IsValid(size_t) const	0	static
RepRapFirmware/src/FilamentMonitors/FilamentMonitor.cpp:131:17:static void FilamentMonitor::InitStatic()	0	static
RepRapFirmware/src/FilamentMonitors/FilamentMonitor.cpp:200:29:static FilamentMonitor* FilamentMonitor::Create(unsigned int, unsigned int, GCodeBuffer&, const StringRef&)	24	static
RepRapFirmware/src/FilamentMonitors/FilamentMonitor.cpp:257:17:static void FilamentMonitor::Spin()	72	static
RepRapFirmware/src/FilamentMonitors/FilamentMonitor.cpp:395:17:static void FilamentMonitor::Diagnostics(MessageType)	24	static
./RepRapFirmware/src/RepRapFirmware.h:441:28:void DeleteObject(T*&) [with T = FilamentMonitor]	0	static
RepRapFirmware/src/FilamentMonitors/FilamentMonitor.cpp:137:24:static GCodeResult FilamentMonitor::Configure(GCodeBuffer&, const StringRef&, unsigned int)	48	static
RepRapFirmware/src/FilamentMonitors/FilamentMonitor.cpp:384:17:static void FilamentMonitor::Exit()	24	static
RepRapFirmware/src/FilamentMonitors/FilamentMonitor.cpp:414:17:static bool FilamentMonitor::CheckDriveAssignments(const StringRef&)	32	static
RepRapFirmware/src/FilamentMonitors/FilamentMonitor.cpp:429:1:cpp)	0	static
