RepRapFirmware/src/FilamentMonitors/LaserFilamentMonitor.cpp:41:20:static ExpressionValue LaserFilamentMonitor::<lambda(const ObjectModel*, ObjectExplorationContext&)>::_FUN(const ObjectModel*, ObjectExplorationContext&)	8	static
RepRapFirmware/src/FilamentMonitors/LaserFilamentMonitor.cpp:42:17:static ExpressionValue LaserFilamentMonitor::<lambda(const ObjectModel*, ObjectExplorationContext&)>::_FUN(const ObjectModel*, ObjectExplorationContext&)	0	static
RepRapFirmware/src/FilamentMonitors/LaserFilamentMonitor.cpp:48:15:static ExpressionValue LaserFilamentMonitor::<lambda(const ObjectModel*, ObjectExplorationContext&)>::_FUN(const ObjectModel*, ObjectExplorationContext&)	0	static
RepRapFirmware/src/FilamentMonitors/LaserFilamentMonitor.cpp:54:22:static ExpressionValue LaserFilamentMonitor::<lambda(const ObjectModel*, ObjectExplorationContext&)>::_FUN(const ObjectModel*, ObjectExplorationContext&)	0	static
RepRapFirmware/src/FilamentMonitors/LaserFilamentMonitor.cpp:57:18:static ExpressionValue LaserFilamentMonitor::<lambda(const ObjectModel*, ObjectExplorationContext&)>::_FUN(const ObjectModel*, ObjectExplorationContext&)	0	static
RepRapFirmware/src/FilamentMonitors/LaserFilamentMonitor.cpp:58:25:static ExpressionValue LaserFilamentMonitor::<lambda(const ObjectModel*, ObjectExplorationContext&)>::_FUN(const ObjectModel*, ObjectExplorationContext&)	0	static
RepRapFirmware/src/FilamentMonitors/LaserFilamentMonitor.cpp:61:24:static ExpressionValue LaserFilamentMonitor::<lambda(const ObjectModel*, ObjectExplorationContext&)>::_FUN(const ObjectModel*, ObjectExplorationContext&)	0	static
RepRapFirmware/src/FilamentMonitors/LaserFilamentMonitor.cpp:76:1:virtual const ObjectModelClassDescriptor* LaserFilamentMonitor::GetObjectModelClassDescriptor() const	0	static
RepRapFirmware/src/FilamentMonitors/LaserFilamentMonitor.cpp:47:17:static ExpressionValue LaserFilamentMonitor::<lambda(const ObjectModel*, ObjectExplorationContext&)>::_FUN(const ObjectModel*, ObjectExplorationContext&)	0	static
RepRapFirmware/src/FilamentMonitors/LaserFilamentMonitor.h:13:7:LaserFilamentMonitor::~LaserFilamentMonitor()	8	static
RepRapFirmware/src/FilamentMonitors/LaserFilamentMonitor.h:13:7:virtual LaserFilamentMonitor::~LaserFilamentMonitor()	8	static
RepRapFirmware/src/FilamentMonitors/FilamentMonitor.h:128:17:static int32_t FilamentMonitor::ConvertToPercent(float)	0	static
RepRapFirmware/src/FilamentMonitors/LaserFilamentMonitor.cpp:60:20:static ExpressionValue LaserFilamentMonitor::<lambda(const ObjectModel*, ObjectExplorationContext&)>::_FUN(const ObjectModel*, ObjectExplorationContext&)	8	static
RepRapFirmware/src/FilamentMonitors/LaserFilamentMonitor.cpp:59:20:static ExpressionValue LaserFilamentMonitor::<lambda(const ObjectModel*, ObjectExplorationContext&)>::_FUN(const ObjectModel*, ObjectExplorationContext&)	8	static
RepRapFirmware/src/FilamentMonitors/LaserFilamentMonitor.cpp:52:20:static ExpressionValue LaserFilamentMonitor::<lambda(const ObjectModel*, ObjectExplorationContext&)>::_FUN(const ObjectModel*, ObjectExplorationContext&)	8	static
RepRapFirmware/src/FilamentMonitors/LaserFilamentMonitor.cpp:51:20:static ExpressionValue LaserFilamentMonitor::<lambda(const ObjectModel*, ObjectExplorationContext&)>::_FUN(const ObjectModel*, ObjectExplorationContext&)	8	static
RepRapFirmware/src/FilamentMonitors/LaserFilamentMonitor.cpp:53:20:static ExpressionValue LaserFilamentMonitor::<lambda(const ObjectModel*, ObjectExplorationContext&)>::_FUN(const ObjectModel*, ObjectExplorationContext&)	8	static
RepRapFirmware/src/FilamentMonitors/LaserFilamentMonitor.cpp:104:6:void LaserFilamentMonitor::Reset()	0	static
RepRapFirmware/src/FilamentMonitors/LaserFilamentMonitor.cpp:90:6:void LaserFilamentMonitor::Init()	8	static
RepRapFirmware/src/FilamentMonitors/LaserFilamentMonitor.cpp:80:1:LaserFilamentMonitor::LaserFilamentMonitor(unsigned int, unsigned int, DriverId)	16	static
RepRapFirmware/src/FilamentMonitors/LaserFilamentMonitor.cpp:112:6:bool LaserFilamentMonitor::HaveCalibrationData() const	0	static
RepRapFirmware/src/FilamentMonitors/LaserFilamentMonitor.cpp:123:13:virtual GCodeResult LaserFilamentMonitor::Configure(GCodeBuffer&, const StringRef&, bool&)	72	static
RepRapFirmware/src/FilamentMonitors/LaserFilamentMonitor.cpp:40:20:static ExpressionValue LaserFilamentMonitor::<lambda(const ObjectModel*, ObjectExplorationContext&)>::_FUN(const ObjectModel*, ObjectExplorationContext&)	8	static
RepRapFirmware/src/FilamentMonitors/LaserFilamentMonitor.cpp:117:7:float LaserFilamentMonitor::MeasuredSensitivity() const	0	static
RepRapFirmware/src/FilamentMonitors/LaserFilamentMonitor.cpp:226:7:float LaserFilamentMonitor::GetCurrentPosition() const	0	static
RepRapFirmware/src/FilamentMonitors/LaserFilamentMonitor.cpp:238:6:void LaserFilamentMonitor::HandleIncomingData()	32	static
RepRapFirmware/src/FilamentMonitors/LaserFilamentMonitor.cpp:473:22:virtual FilamentSensorStatus LaserFilamentMonitor::Clear()	16	static
RepRapFirmware/src/FilamentMonitors/LaserFilamentMonitor.cpp:388:22:FilamentSensorStatus LaserFilamentMonitor::CheckFilament(float, float, bool)	56	static
RepRapFirmware/src/FilamentMonitors/LaserFilamentMonitor.cpp:342:22:virtual FilamentSensorStatus LaserFilamentMonitor::Check(bool, bool, uint32_t, float)	24	static
./RRFLibraries/src/General/String.h:98:26:) [with unsigned int Len = 256]	20	static
./RRFLibraries/src/General/String.h:107:26:) [with unsigned int Len = 256]	20	static
RepRapFirmware/src/FilamentMonitors/LaserFilamentMonitor.cpp:486:6:virtual void LaserFilamentMonitor::Diagnostics(MessageType, unsigned int)	312	static
RepRapFirmware/src/FilamentMonitors/LaserFilamentMonitor.cpp:500:1:cpp)	0	static
