RepRapFirmware/src/FilamentMonitors/SimpleFilamentMonitor.cpp:29:17:static ExpressionValue SimpleFilamentMonitor::<lambda(const ObjectModel*, ObjectExplorationContext&)>::_FUN(const ObjectModel*, ObjectExplorationContext&)	0	static
RepRapFirmware/src/FilamentMonitors/SimpleFilamentMonitor.cpp:31:15:static ExpressionValue SimpleFilamentMonitor::<lambda(const ObjectModel*, ObjectExplorationContext&)>::_FUN(const ObjectModel*, ObjectExplorationContext&)	0	static
RepRapFirmware/src/FilamentMonitors/SimpleFilamentMonitor.cpp:36:1:virtual const ObjectModelClassDescriptor* SimpleFilamentMonitor::GetObjectModelClassDescriptor() const	0	static
RepRapFirmware/src/FilamentMonitors/SimpleFilamentMonitor.cpp:76:6:virtual bool SimpleFilamentMonitor::Interrupt()	8	static
RepRapFirmware/src/FilamentMonitors/SimpleFilamentMonitor.h:13:7:SimpleFilamentMonitor::~SimpleFilamentMonitor()	8	static
RepRapFirmware/src/FilamentMonitors/SimpleFilamentMonitor.h:13:7:virtual SimpleFilamentMonitor::~SimpleFilamentMonitor()	8	static
RepRapFirmware/src/FilamentMonitors/SimpleFilamentMonitor.cpp:46:13:virtual GCodeResult SimpleFilamentMonitor::Configure(GCodeBuffer&, const StringRef&, bool&)	40	static
RepRapFirmware/src/FilamentMonitors/SimpleFilamentMonitor.cpp:30:17:static ExpressionValue SimpleFilamentMonitor::<lambda(const ObjectModel*, ObjectExplorationContext&)>::_FUN(const ObjectModel*, ObjectExplorationContext&)	0	static
RepRapFirmware/src/FilamentMonitors/SimpleFilamentMonitor.cpp:40:1:SimpleFilamentMonitor::SimpleFilamentMonitor(unsigned int, unsigned int, DriverId)	16	static
RepRapFirmware/src/FilamentMonitors/SimpleFilamentMonitor.cpp:84:6:void SimpleFilamentMonitor::Poll()	8	static
RepRapFirmware/src/FilamentMonitors/SimpleFilamentMonitor.cpp:92:22:virtual FilamentSensorStatus SimpleFilamentMonitor::Check(bool, bool, uint32_t, float)	16	static
RepRapFirmware/src/FilamentMonitors/SimpleFilamentMonitor.cpp:99:22:virtual FilamentSensorStatus SimpleFilamentMonitor::Clear()	16	static
RepRapFirmware/src/FilamentMonitors/SimpleFilamentMonitor.cpp:106:6:virtual void SimpleFilamentMonitor::Diagnostics(MessageType, unsigned int)	24	static
RepRapFirmware/src/FilamentMonitors/SimpleFilamentMonitor.cpp:110:1:cpp)	0	static
