RRFLibraries/src/RTOSIface/RTOSIface.cpp:20:6:void Mutex::Create(const char*)	16	static
RRFLibraries/src/RTOSIface/RTOSIface.cpp:29:6:bool Mutex::Take(uint32_t)	8	static
RRFLibraries/src/RTOSIface/RTOSIface.cpp:36:6:bool Mutex::Release()	8	static
RRFLibraries/src/RTOSIface/RTOSIface.cpp:41:12:TaskBase* Mutex::GetHolder() const	0	static
RRFLibraries/src/RTOSIface/RTOSIface.cpp:74:1:MutexLocker::MutexLocker(Mutex*, uint32_t)	8	static
RRFLibraries/src/RTOSIface/RTOSIface.cpp:85:1:MutexLocker::MutexLocker(Mutex&, uint32_t)	8	static
RRFLibraries/src/RTOSIface/RTOSIface.cpp:97:6:void MutexLocker::Release()	8	static
RRFLibraries/src/RTOSIface/RTOSIface.cpp:114:6:bool MutexLocker::ReAcquire(uint32_t)	8	static
RRFLibraries/src/RTOSIface/RTOSIface.cpp:129:1:BinarySemaphore::BinarySemaphore()	16	static
RRFLibraries/src/RTOSIface/RTOSIface.cpp:134:6:bool BinarySemaphore::Take(uint32_t)	8	static
RRFLibraries/src/RTOSIface/RTOSIface.cpp:139:6:bool BinarySemaphore::Give()	8	static
RRFLibraries/src/RTOSIface/RTOSIface.cpp:145:6:void TaskBase::AddToList()	8	static
RRFLibraries/src/RTOSIface/RTOSIface.cpp:156:6:void TaskBase::TerminateAndUnlink()	8	static
RRFLibraries/src/RTOSIface/RTOSIface.cpp:177:6:void TaskBase::GiveFromISR()	16	static
RRFLibraries/src/RTOSIface/RTOSIface.cpp:189:6:void ReadWriteLock::LockForReading()	16	static
RRFLibraries/src/RTOSIface/RTOSIface.cpp:210:6:bool ReadWriteLock::ConditionalLockForReading()	16	static
RRFLibraries/src/RTOSIface/RTOSIface.cpp:232:6:void ReadWriteLock::ReleaseReader()	16	static
RRFLibraries/src/RTOSIface/RTOSIface.cpp:242:6:void ReadWriteLock::LockForWriting()	8	static
RRFLibraries/src/RTOSIface/RTOSIface.cpp:269:6:bool ReadWriteLock::ConditionalLockForWriting()	8	static
RRFLibraries/src/RTOSIface/RTOSIface.cpp:284:6:void ReadWriteLock::ReleaseWriter()	16	static
RRFLibraries/src/RTOSIface/RTOSIface.cpp:300:6:void ReadWriteLock::DowngradeWriter()	16	static
