RepRapFirmware/src/Fans/Fan.cpp:27:15:static ExpressionValue Fan::<lambda(const ObjectModel*, ObjectExplorationContext&)>::_FUN(const ObjectModel*, ObjectExplorationContext&)	0	static
RepRapFirmware/src/Fans/Fan.cpp:29:14:static ExpressionValue Fan::<lambda(const ObjectModel*, ObjectExplorationContext&)>::_FUN(const ObjectModel*, ObjectExplorationContext&)	0	static
RepRapFirmware/src/Fans/Fan.cpp:30:14:static ExpressionValue Fan::<lambda(const ObjectModel*, ObjectExplorationContext&)>::_FUN(const ObjectModel*, ObjectExplorationContext&)	0	static
RepRapFirmware/src/Fans/Fan.cpp:31:15:static ExpressionValue Fan::<lambda(const ObjectModel*, ObjectExplorationContext&)>::_FUN(const ObjectModel*, ObjectExplorationContext&)	0	static
RepRapFirmware/src/Fans/Fan.cpp:32:23:static ExpressionValue Fan::<lambda(const ObjectModel*, ObjectExplorationContext&)>::_FUN(const ObjectModel*, ObjectExplorationContext&)	0	static
RepRapFirmware/src/Fans/Fan.cpp:34:21:static ExpressionValue Fan::<lambda(const ObjectModel*, ObjectExplorationContext&)>::_FUN(const ObjectModel*, ObjectExplorationContext&)	8	static
RepRapFirmware/src/Fans/Fan.cpp:44:1:virtual const ObjectModelClassDescriptor* Fan::GetObjectModelClassDescriptor() const	0	static
RepRapFirmware/src/Fans/Fan.cpp:37:17:static ExpressionValue Fan::<lambda(const ObjectModel*, ObjectExplorationContext&)>::_FUN(const ObjectModel*, ObjectExplorationContext&)	16	static
RepRapFirmware/src/Fans/Fan.cpp:39:23:static ExpressionValue Fan::<lambda(const ObjectModel*, ObjectExplorationContext&)>::_FUN(const ObjectModel*, ObjectExplorationContext&)	0	static
RepRapFirmware/src/Fans/Fan.cpp:38:23:static ExpressionValue Fan::<lambda(const ObjectModel*, ObjectExplorationContext&)>::_FUN(const ObjectModel*, ObjectExplorationContext&)	0	static
RepRapFirmware/src/Fans/Fan.cpp:33:14:static ExpressionValue Fan::<lambda(const ObjectModel*, ObjectExplorationContext&)>::_FUN(const ObjectModel*, ObjectExplorationContext&)	8	static
RepRapFirmware/src/Fans/Fan.cpp:28:19:static ExpressionValue Fan::<lambda(const ObjectModel*, ObjectExplorationContext&)>::_FUN(const ObjectModel*, ObjectExplorationContext&)	8	static
RepRapFirmware/src/Fans/Fan.cpp:26:20:static ExpressionValue Fan::<lambda(const ObjectModel*, ObjectExplorationContext&)>::_FUN(const ObjectModel*, ObjectExplorationContext&)	8	static
./RRFLibraries/src/General/function_ref.h:31:41:) [with Callable = Fan::Configure(unsigned int, size_t, GCodeBuffer&, const StringRef&, bool&)::<lambda(unsigned int, unsigned int)>; Ret = void; Params = {unsigned int, unsigned int}]	0	static
RepRapFirmware/src/Fans/Fan.cpp:48:1:Fan::Fan(unsigned int)	16	static
RepRapFirmware/src/Fans/Fan.cpp:66:6:bool Fan::Configure(unsigned int, size_t, GCodeBuffer&, const StringRef&, bool&)	304	static
RepRapFirmware/src/Fans/Fan.cpp:194:13:GCodeResult Fan::SetPwm(float, const StringRef&)	0	static
./RRFLibraries/src/General/String.h:98:26:) [with unsigned int Len = 20]	20	static
RepRapFirmware/src/Fans/Fan.cpp:221:6:bool Fan::WriteSettings(FileStore*, size_t) const	48	static
RepRapFirmware/src/Fans/Fan.cpp:230:1:cpp)	0	static
