RepRapFirmware/src/Networking/HttpResponder.cpp:1392:6:virtual void HttpResponder::Diagnostics(MessageType) const	0	static
RepRapFirmware/src/Networking/HttpResponder.cpp:1356:6:virtual void HttpResponder::Terminate(NetworkProtocol, NetworkInterface*)	4	static
RepRapFirmware/src/Networking/HttpResponder.cpp:44:6:virtual bool HttpResponder::Accept(Socket*, NetworkProtocol)	16	static
RepRapFirmware/src/Networking/HttpResponder.cpp:39:1:HttpResponder::HttpResponder(NetworkResponder*)	8	static
RepRapFirmware/src/Networking/HttpResponder.cpp:658:13:const char* HttpResponder::GetKeyValue(const char*) const	24	static
RepRapFirmware/src/Networking/HttpResponder.cpp:724:6:bool HttpResponder::CheckAuthenticated()	16	static
RepRapFirmware/src/Networking/HttpResponder.cpp:705:6:bool HttpResponder::Authenticate()	24	static
RepRapFirmware/src/Networking/HttpResponder.cpp:759:17:static void HttpResponder::RemoveSession(size_t)	0	static
RepRapFirmware/src/Networking/HttpResponder.cpp:738:6:bool HttpResponder::RemoveAuthentication()	16	static
RepRapFirmware/src/Networking/HttpResponder.cpp:1085:6:void HttpResponder::ProcessMessage()	40	static
RepRapFirmware/src/Networking/HttpResponder.cpp:1397:17:static void HttpResponder::InitStatic()	0	static
RepRapFirmware/src/Networking/HttpResponder.cpp:1403:17:static void HttpResponder::Disable()	16	static
RepRapFirmware/src/Networking/HttpResponder.cpp:1413:17:static void HttpResponder::HandleGCodeReply(const char*)	24	static
RepRapFirmware/src/Networking/HttpResponder.cpp:1440:17:static void HttpResponder::HandleGCodeReply(OutputBuffer*)	24	static
RepRapFirmware/src/Networking/HttpResponder.cpp:1463:17:static void HttpResponder::CheckSessions()	48	static
RepRapFirmware/src/Networking/HttpResponder.cpp:1516:17:static void HttpResponder::CommonDiagnostics(MessageType)	32	static
RepRapFirmware/src/Networking/HttpResponder.cpp:1523:6:void HttpResponder::AddCorsHeader()	0	static
RepRapFirmware/src/Networking/HttpResponder.cpp:919:6:void HttpResponder::SendGCodeReply()	56	static
RepRapFirmware/src/Networking/HttpResponder.cpp:1269:6:void HttpResponder::RejectMessage(const char*, unsigned int)	24	static
RepRapFirmware/src/Networking/HttpResponder.cpp:149:6:bool HttpResponder::CharFromClient(char)	16	static
RepRapFirmware/src/Networking/HttpResponder.cpp:454:6:bool HttpResponder::GetJsonResponse(const char*, OutputBuffer*&, bool&)	88	static
RepRapFirmware/src/Networking/HttpResponder.cpp:672:6:bool HttpResponder::SendFileInfo(bool)	24	static
RepRapFirmware/src/Networking/HttpResponder.cpp:771:6:void HttpResponder::SendFile(const char*, bool)	160	static
RepRapFirmware/src/Networking/HttpResponder.cpp:970:6:void HttpResponder::SendJsonResponse(const char*)	32	static
RepRapFirmware/src/Networking/HttpResponder.cpp:1295:6:void HttpResponder::DoUpload()	32	static
RepRapFirmware/src/Networking/HttpResponder.cpp:1109:6:void HttpResponder::ProcessRequest()	72	static
RepRapFirmware/src/Networking/HttpResponder.cpp:70:6:virtual bool HttpResponder::Spin()	24	static
RepRapFirmware/src/Networking/HttpResponder.cpp:1539:37:cpp)	0	static
RepRapFirmware/src/Networking/HttpResponder.cpp:1365:6:virtual void HttpResponder::CancelUpload()	24	static
RepRapFirmware/src/Networking/HttpResponder.cpp:1383:6:virtual void HttpResponder::SendData()	8	static
