RepRapFirmware/src/Networking/Network.cpp:114:2:static constexpr size_t Network::<lambda(const ObjectModel*, const ObjectExplorationContext&)>::_FUN(const ObjectModel*, const ObjectExplorationContext&)	0	static
RepRapFirmware/src/Networking/Network.cpp:128:16:static ExpressionValue Network::<lambda(const ObjectModel*, ObjectExplorationContext&)>::_FUN(const ObjectModel*, ObjectExplorationContext&)	0	static
RepRapFirmware/src/Networking/Network.cpp:130:16:static ExpressionValue Network::<lambda(const ObjectModel*, ObjectExplorationContext&)>::_FUN(const ObjectModel*, ObjectExplorationContext&)	0	static
RepRapFirmware/src/Networking/Network.cpp:131:18:static ExpressionValue Network::<lambda(const ObjectModel*, ObjectExplorationContext&)>::_FUN(const ObjectModel*, ObjectExplorationContext&)	0	static
RepRapFirmware/src/Networking/Network.cpp:148:1:virtual const ObjectModelClassDescriptor* Network::GetObjectModelClassDescriptor() const	0	static
RepRapFirmware/src/Networking/Network.h:68:7:Network::~Network()	0	static
RepRapFirmware/src/Networking/Network.cpp:133:13:static ExpressionValue Network::<lambda(const ObjectModel*, ObjectExplorationContext&)>::_FUN(const ObjectModel*, ObjectExplorationContext&)	8	static
./RRFLibraries/src/RTOSIface/RTOSIface.h:208:41:Task<600>::~Task()	8	static
RepRapFirmware/src/Networking/Network.h:68:7:virtual Network::~Network()	8	static
RepRapFirmware/src/Networking/Network.cpp:116:2:static ExpressionValue Network::<lambda(const ObjectModel*, ObjectExplorationContext&)>::_FUN(const ObjectModel*, ObjectExplorationContext&)	16	static
RepRapFirmware/src/Networking/Network.cpp:64:10:uint32_t MacAddress::LowWord() const	0	static
RepRapFirmware/src/Networking/Network.cpp:69:10:uint16_t MacAddress::HighWord() const	0	static
RepRapFirmware/src/Networking/Network.cpp:74:6:void MacAddress::SetFromBytes(const uint8_t*)	0	static
RepRapFirmware/src/Networking/Network.cpp:80:1:Network::Network(Platform&)	16	static
RepRapFirmware/src/Networking/Network.cpp:153:6:void Network::Init()	8	static
RepRapFirmware/src/Networking/Network.cpp:200:13:GCodeResult Network::EnableProtocol(unsigned int, NetworkProtocol, int, int, const StringRef&)	16	static
RepRapFirmware/src/Networking/Network.cpp:216:13:GCodeResult Network::DisableProtocol(unsigned int, NetworkProtocol, const StringRef&)	24	static
RepRapFirmware/src/Networking/Network.cpp:272:13:GCodeResult Network::ReportProtocols(unsigned int, const StringRef&) const	8	static
RepRapFirmware/src/Networking/Network.cpp:288:13:GCodeResult Network::EnableInterface(unsigned int, int, const StringRef&, const StringRef&)	24	static
RepRapFirmware/src/Networking/Network.cpp:326:16:WiFiInterface* Network::FindWiFiInterface() const	8	static
RepRapFirmware/src/Networking/Network.cpp:341:13:GCodeResult Network::HandleWiFiCode(int, GCodeBuffer&, const StringRef&, OutputBuffer*&)	24	static
RepRapFirmware/src/Networking/Network.cpp:355:13:const char* Network::GetWiFiServerVersion() const	8	static
RepRapFirmware/src/Networking/Network.cpp:368:23:WifiFirmwareUploader* Network::GetWifiUploader() const	8	static
RepRapFirmware/src/Networking/Network.cpp:381:6:void Network::ResetWiFiForUpload(bool)	16	static
RepRapFirmware/src/Networking/Network.cpp:401:6:void Network::Activate()	32	static
RepRapFirmware/src/Networking/Network.cpp:443:6:void Network::Exit()	8	static
RepRapFirmware/src/Networking/Network.cpp:473:13:GCodeResult Network::GetNetworkState(unsigned int, const StringRef&)	8	static
RepRapFirmware/src/Networking/Network.cpp:489:6:bool Network::IsWiFiInterface(unsigned int) const	0	static
RepRapFirmware/src/Networking/Network.cpp:501:6:void Network::Spin()	8	static
RepRapFirmware/src/Networking/Network.cpp:393:29:void NetworkLoop(void*)	8	static
RepRapFirmware/src/Networking/Network.cpp:548:6:void Network::Diagnostics(MessageType)	40	static
RepRapFirmware/src/Networking/Network.cpp:577:5:int Network::EnableState(unsigned int) const	0	static
RepRapFirmware/src/Networking/Network.cpp:588:6:void Network::SetEthernetIPAddress(IPAddress, IPAddress, IPAddress)	32	static
RepRapFirmware/src/Networking/Network.cpp:601:11:IPAddress Network::GetIPAddress(unsigned int) const	0	static
RepRapFirmware/src/Networking/Network.cpp:610:6:void Network::SetHostname(const char*)	8	static
RepRapFirmware/src/Networking/Network.cpp:645:13:GCodeResult Network::SetMacAddress(unsigned int, const MacAddress&, const StringRef&)	8	static
RepRapFirmware/src/Networking/Network.cpp:660:19:const MacAddress& Network::GetMacAddress(unsigned int) const	0	static
RepRapFirmware/src/Networking/Network.cpp:675:6:bool Network::FindResponder(Socket*, NetworkProtocol)	16	static
RepRapFirmware/src/Networking/Network.cpp:689:6:void Network::HandleHttpGCodeReply(const char*)	16	static
RepRapFirmware/src/Networking/Network.cpp:697:6:void Network::HandleTelnetGCodeReply(const char*)	0	static
RepRapFirmware/src/Networking/Network.cpp:705:6:void Network::HandleHttpGCodeReply(OutputBuffer*)	16	static
RepRapFirmware/src/Networking/Network.cpp:715:6:void Network::HandleTelnetGCodeReply(OutputBuffer*)	16	static
RepRapFirmware/src/Networking/Network.cpp:725:10:uint32_t Network::GetHttpReplySeq()	0	static
RepRapFirmware/src/Networking/Network.cpp:732:1:cpp)	0	static
