RepRapFirmware/src/Heating/Sensors/TemperatureSensor.h:26:24:virtual const uint8_t TemperatureSensor::GetNumAdditionalOutputs() const	0	static
RepRapFirmware/src/Heating/Sensors/TemperatureSensor.h:75:14:virtual int TemperatureSensor::GetSmartDriversChannel() const	0	static
RepRapFirmware/src/Heating/Sensors/CpuTemperatureSensor.h:21:14:virtual const char* CpuTemperatureSensor::GetShortSensorType() const	0	static
RepRapFirmware/src/Heating/Sensors/CpuTemperatureSensor.cpp:18:6:virtual void CpuTemperatureSensor::Poll()	24	static
RepRapFirmware/src/Heating/Sensors/CpuTemperatureSensor.h:15:7:CpuTemperatureSensor::~CpuTemperatureSensor()	8	static
RepRapFirmware/src/Heating/Sensors/CpuTemperatureSensor.h:15:7:virtual CpuTemperatureSensor::~CpuTemperatureSensor()	8	static
RepRapFirmware/src/Heating/Sensors/CpuTemperatureSensor.cpp:14:1:CpuTemperatureSensor::CpuTemperatureSensor(unsigned int)	8	static
RepRapFirmware/src/Heating/Sensors/CpuTemperatureSensor.cpp:22:1:cpp)	0	static
