RepRapFirmware/src/Heating/Sensors/TemperatureSensor.h:26:24:virtual const uint8_t TemperatureSensor::GetNumAdditionalOutputs() const	0	static
RepRapFirmware/src/Heating/Sensors/TemperatureSensor.h:75:14:virtual int TemperatureSensor::GetSmartDriversChannel() const	0	static
RepRapFirmware/src/Heating/Sensors/ThermocoupleSensor31855.h:26:14:virtual const char* ThermocoupleSensor31855::GetShortSensorType() const	0	static
RepRapFirmware/src/Heating/Sensors/ThermocoupleSensor31855.cpp:118:6:virtual void ThermocoupleSensor31855::Poll()	16	static
RepRapFirmware/src/Heating/Sensors/ThermocoupleSensor31855.h:15:7:ThermocoupleSensor31855::~ThermocoupleSensor31855()	8	static
RepRapFirmware/src/Heating/Sensors/ThermocoupleSensor31855.h:15:7:virtual ThermocoupleSensor31855::~ThermocoupleSensor31855()	8	static
RepRapFirmware/src/Heating/Sensors/ThermocoupleSensor31855.cpp:71:1:ThermocoupleSensor31855::ThermocoupleSensor31855(unsigned int)	16	static
RepRapFirmware/src/Heating/Sensors/ThermocoupleSensor31855.cpp:103:13:GCodeResult ThermocoupleSensor31855::FinishConfiguring(bool, const StringRef&)	8	static
RepRapFirmware/src/Heating/Sensors/ThermocoupleSensor31855.cpp:77:13:virtual GCodeResult ThermocoupleSensor31855::Configure(GCodeBuffer&, const StringRef&, bool&)	24	static
RepRapFirmware/src/Heating/Sensors/ThermocoupleSensor31855.cpp:188:1:cpp)	0	static
