RepRapFirmware/src/Platform/RepRap.cpp:179:2:static constexpr size_t RepRap::<lambda(const ObjectModel*, const ObjectExplorationContext&)>::_FUN(const ObjectModel*, const ObjectExplorationContext&)	0	static
RepRapFirmware/src/Platform/RepRap.cpp:180:2:static ExpressionValue RepRap::<lambda(const ObjectModel*, ObjectExplorationContext&)>::_FUN(const ObjectModel*, ObjectExplorationContext&)	0	static
RepRapFirmware/src/Platform/RepRap.cpp:194:2:static size_t RepRap::<lambda(const ObjectModel*, const ObjectExplorationContext&)>::_FUN(const ObjectModel*, const ObjectExplorationContext&)	0	static
RepRapFirmware/src/Platform/RepRap.cpp:212:2:static constexpr size_t RepRap::<lambda(const ObjectModel*, const ObjectExplorationContext&)>::_FUN(const ObjectModel*, const ObjectExplorationContext&)	0	static
RepRapFirmware/src/Platform/RepRap.cpp:219:2:static constexpr size_t RepRap::<lambda(const ObjectModel*, const ObjectExplorationContext&)>::_FUN(const ObjectModel*, const ObjectExplorationContext&)	0	static
RepRapFirmware/src/Platform/RepRap.cpp:226:2:static constexpr size_t RepRap::<lambda(const ObjectModel*, const ObjectExplorationContext&)>::_FUN(const ObjectModel*, const ObjectExplorationContext&)	0	static
RepRapFirmware/src/Platform/RepRap.cpp:235:2:static size_t RepRap::<lambda(const ObjectModel*, const ObjectExplorationContext&)>::_FUN(const ObjectModel*, const ObjectExplorationContext&)	0	static
RepRapFirmware/src/Platform/RepRap.cpp:257:18:static ExpressionValue RepRap::<lambda(const ObjectModel*, ObjectExplorationContext&)>::_FUN(const ObjectModel*, ObjectExplorationContext&)	0	static
RepRapFirmware/src/Platform/RepRap.cpp:259:21:static ExpressionValue RepRap::<lambda(const ObjectModel*, ObjectExplorationContext&)>::_FUN(const ObjectModel*, ObjectExplorationContext&)	8	static
RepRapFirmware/src/Platform/RepRap.cpp:261:16:static ExpressionValue RepRap::<lambda(const ObjectModel*, ObjectExplorationContext&)>::_FUN(const ObjectModel*, ObjectExplorationContext&)	0	static
RepRapFirmware/src/Platform/RepRap.cpp:264:18:static ExpressionValue RepRap::<lambda(const ObjectModel*, ObjectExplorationContext&)>::_FUN(const ObjectModel*, ObjectExplorationContext&)	0	static
RepRapFirmware/src/Platform/RepRap.cpp:266:18:static ExpressionValue RepRap::<lambda(const ObjectModel*, ObjectExplorationContext&)>::_FUN(const ObjectModel*, ObjectExplorationContext&)	8	static
RepRapFirmware/src/Platform/RepRap.cpp:274:16:static ExpressionValue RepRap::<lambda(const ObjectModel*, ObjectExplorationContext&)>::_FUN(const ObjectModel*, ObjectExplorationContext&)	8	static
RepRapFirmware/src/Platform/RepRap.cpp:275:19:static ExpressionValue RepRap::<lambda(const ObjectModel*, ObjectExplorationContext&)>::_FUN(const ObjectModel*, ObjectExplorationContext&)	0	static
RepRapFirmware/src/Platform/RepRap.cpp:276:17:static ExpressionValue RepRap::<lambda(const ObjectModel*, ObjectExplorationContext&)>::_FUN(const ObjectModel*, ObjectExplorationContext&)	8	static
RepRapFirmware/src/Platform/RepRap.cpp:277:17:static ExpressionValue RepRap::<lambda(const ObjectModel*, ObjectExplorationContext&)>::_FUN(const ObjectModel*, ObjectExplorationContext&)	0	static
RepRapFirmware/src/Platform/RepRap.cpp:278:18:static ExpressionValue RepRap::<lambda(const ObjectModel*, ObjectExplorationContext&)>::_FUN(const ObjectModel*, ObjectExplorationContext&)	0	static
RepRapFirmware/src/Platform/RepRap.cpp:282:20:static ExpressionValue RepRap::<lambda(const ObjectModel*, ObjectExplorationContext&)>::_FUN(const ObjectModel*, ObjectExplorationContext&)	0	static
RepRapFirmware/src/Platform/RepRap.cpp:283:19:static ExpressionValue RepRap::<lambda(const ObjectModel*, ObjectExplorationContext&)>::_FUN(const ObjectModel*, ObjectExplorationContext&)	0	static
RepRapFirmware/src/Platform/RepRap.cpp:284:18:static ExpressionValue RepRap::<lambda(const ObjectModel*, ObjectExplorationContext&)>::_FUN(const ObjectModel*, ObjectExplorationContext&)	0	static
RepRapFirmware/src/Platform/RepRap.cpp:285:18:static ExpressionValue RepRap::<lambda(const ObjectModel*, ObjectExplorationContext&)>::_FUN(const ObjectModel*, ObjectExplorationContext&)	0	static
RepRapFirmware/src/Platform/RepRap.cpp:286:16:static ExpressionValue RepRap::<lambda(const ObjectModel*, ObjectExplorationContext&)>::_FUN(const ObjectModel*, ObjectExplorationContext&)	0	static
RepRapFirmware/src/Platform/RepRap.cpp:287:17:static ExpressionValue RepRap::<lambda(const ObjectModel*, ObjectExplorationContext&)>::_FUN(const ObjectModel*, ObjectExplorationContext&)	0	static
RepRapFirmware/src/Platform/RepRap.cpp:288:18:static ExpressionValue RepRap::<lambda(const ObjectModel*, ObjectExplorationContext&)>::_FUN(const ObjectModel*, ObjectExplorationContext&)	0	static
RepRapFirmware/src/Platform/RepRap.cpp:289:15:static ExpressionValue RepRap::<lambda(const ObjectModel*, ObjectExplorationContext&)>::_FUN(const ObjectModel*, ObjectExplorationContext&)	0	static
RepRapFirmware/src/Platform/RepRap.cpp:293:16:static ExpressionValue RepRap::<lambda(const ObjectModel*, ObjectExplorationContext&)>::_FUN(const ObjectModel*, ObjectExplorationContext&)	0	static
RepRapFirmware/src/Platform/RepRap.cpp:294:26:static ExpressionValue RepRap::<lambda(const ObjectModel*, ObjectExplorationContext&)>::_FUN(const ObjectModel*, ObjectExplorationContext&)	0	static
RepRapFirmware/src/Platform/RepRap.cpp:295:21:static ExpressionValue RepRap::<lambda(const ObjectModel*, ObjectExplorationContext&)>::_FUN(const ObjectModel*, ObjectExplorationContext&)	0	static
RepRapFirmware/src/Platform/RepRap.cpp:299:18:static ExpressionValue RepRap::<lambda(const ObjectModel*, ObjectExplorationContext&)>::_FUN(const ObjectModel*, ObjectExplorationContext&)	0	static
RepRapFirmware/src/Platform/RepRap.cpp:308:20:static ExpressionValue RepRap::<lambda(const ObjectModel*, ObjectExplorationContext&)>::_FUN(const ObjectModel*, ObjectExplorationContext&)	0	static
RepRapFirmware/src/Platform/RepRap.cpp:310:16:static ExpressionValue RepRap::<lambda(const ObjectModel*, ObjectExplorationContext&)>::_FUN(const ObjectModel*, ObjectExplorationContext&)	0	static
RepRapFirmware/src/Platform/RepRap.cpp:311:20:static ExpressionValue RepRap::<lambda(const ObjectModel*, ObjectExplorationContext&)>::_FUN(const ObjectModel*, ObjectExplorationContext&)	0	static
RepRapFirmware/src/Platform/RepRap.cpp:315:26:static ExpressionValue RepRap::<lambda(const ObjectModel*, ObjectExplorationContext&)>::_FUN(const ObjectModel*, ObjectExplorationContext&)	0	static
RepRapFirmware/src/Platform/RepRap.cpp:316:23:static ExpressionValue RepRap::<lambda(const ObjectModel*, ObjectExplorationContext&)>::_FUN(const ObjectModel*, ObjectExplorationContext&)	0	static
RepRapFirmware/src/Platform/RepRap.cpp:317:18:static ExpressionValue RepRap::<lambda(const ObjectModel*, ObjectExplorationContext&)>::_FUN(const ObjectModel*, ObjectExplorationContext&)	0	static
RepRapFirmware/src/Platform/RepRap.cpp:319:17:static ExpressionValue RepRap::<lambda(const ObjectModel*, ObjectExplorationContext&)>::_FUN(const ObjectModel*, ObjectExplorationContext&)	0	static
RepRapFirmware/src/Platform/RepRap.cpp:320:24:static ExpressionValue RepRap::<lambda(const ObjectModel*, ObjectExplorationContext&)>::_FUN(const ObjectModel*, ObjectExplorationContext&)	0	static
RepRapFirmware/src/Platform/RepRap.cpp:321:19:static ExpressionValue RepRap::<lambda(const ObjectModel*, ObjectExplorationContext&)>::_FUN(const ObjectModel*, ObjectExplorationContext&)	0	static
RepRapFirmware/src/Platform/RepRap.cpp:323:18:static ExpressionValue RepRap::<lambda(const ObjectModel*, ObjectExplorationContext&)>::_FUN(const ObjectModel*, ObjectExplorationContext&)	0	static
RepRapFirmware/src/Platform/RepRap.cpp:327:21:static ExpressionValue RepRap::<lambda(const ObjectModel*, ObjectExplorationContext&)>::_FUN(const ObjectModel*, ObjectExplorationContext&)	0	static
RepRapFirmware/src/Platform/RepRap.cpp:334:16:static ExpressionValue RepRap::<lambda(const ObjectModel*, ObjectExplorationContext&)>::_FUN(const ObjectModel*, ObjectExplorationContext&)	0	static
RepRapFirmware/src/Platform/RepRap.cpp:337:24:static ExpressionValue RepRap::<lambda(const ObjectModel*, ObjectExplorationContext&)>::_FUN(const ObjectModel*, ObjectExplorationContext&)	0	static
RepRapFirmware/src/Platform/RepRap.cpp:338:17:static ExpressionValue RepRap::<lambda(const ObjectModel*, ObjectExplorationContext&)>::_FUN(const ObjectModel*, ObjectExplorationContext&)	0	static
RepRapFirmware/src/Platform/RepRap.cpp:351:21:static ExpressionValue RepRap::<lambda(const ObjectModel*, ObjectExplorationContext&)>::_FUN(const ObjectModel*, ObjectExplorationContext&)	0	static
RepRapFirmware/src/Platform/RepRap.cpp:352:19:static ExpressionValue RepRap::<lambda(const ObjectModel*, ObjectExplorationContext&)>::_FUN(const ObjectModel*, ObjectExplorationContext&)	8	static
RepRapFirmware/src/Platform/RepRap.cpp:353:19:static ExpressionValue RepRap::<lambda(const ObjectModel*, ObjectExplorationContext&)>::_FUN(const ObjectModel*, ObjectExplorationContext&)	0	static
RepRapFirmware/src/Platform/RepRap.cpp:355:24:static ExpressionValue RepRap::<lambda(const ObjectModel*, ObjectExplorationContext&)>::_FUN(const ObjectModel*, ObjectExplorationContext&)	0	static
RepRapFirmware/src/Platform/RepRap.cpp:357:22:static ExpressionValue RepRap::<lambda(const ObjectModel*, ObjectExplorationContext&)>::_FUN(const ObjectModel*, ObjectExplorationContext&)	0	static
RepRapFirmware/src/Platform/RepRap.cpp:358:23:static ExpressionValue RepRap::<lambda(const ObjectModel*, ObjectExplorationContext&)>::_FUN(const ObjectModel*, ObjectExplorationContext&)	0	static
RepRapFirmware/src/Platform/RepRap.cpp:362:18:static ExpressionValue RepRap::<lambda(const ObjectModel*, ObjectExplorationContext&)>::_FUN(const ObjectModel*, ObjectExplorationContext&)	8	static
RepRapFirmware/src/Platform/RepRap.cpp:365:19:static ExpressionValue RepRap::<lambda(const ObjectModel*, ObjectExplorationContext&)>::_FUN(const ObjectModel*, ObjectExplorationContext&)	0	static
RepRapFirmware/src/Platform/RepRap.cpp:366:20:static ExpressionValue RepRap::<lambda(const ObjectModel*, ObjectExplorationContext&)>::_FUN(const ObjectModel*, ObjectExplorationContext&)	0	static
RepRapFirmware/src/Platform/RepRap.cpp:369:22:static ExpressionValue RepRap::<lambda(const ObjectModel*, ObjectExplorationContext&)>::_FUN(const ObjectModel*, ObjectExplorationContext&)	0	static
RepRapFirmware/src/Platform/RepRap.cpp:370:18:static ExpressionValue RepRap::<lambda(const ObjectModel*, ObjectExplorationContext&)>::_FUN(const ObjectModel*, ObjectExplorationContext&)	0	static
RepRapFirmware/src/Platform/RepRap.cpp:371:16:static ExpressionValue RepRap::<lambda(const ObjectModel*, ObjectExplorationContext&)>::_FUN(const ObjectModel*, ObjectExplorationContext&)	0	static
RepRapFirmware/src/Platform/RepRap.cpp:372:15:static ExpressionValue RepRap::<lambda(const ObjectModel*, ObjectExplorationContext&)>::_FUN(const ObjectModel*, ObjectExplorationContext&)	0	static
RepRapFirmware/src/Platform/RepRap.cpp:373:18:static ExpressionValue RepRap::<lambda(const ObjectModel*, ObjectExplorationContext&)>::_FUN(const ObjectModel*, ObjectExplorationContext&)	0	static
RepRapFirmware/src/Platform/RepRap.cpp:374:17:static ExpressionValue RepRap::<lambda(const ObjectModel*, ObjectExplorationContext&)>::_FUN(const ObjectModel*, ObjectExplorationContext&)	0	static
RepRapFirmware/src/Platform/RepRap.cpp:377:18:static ExpressionValue RepRap::<lambda(const ObjectModel*, ObjectExplorationContext&)>::_FUN(const ObjectModel*, ObjectExplorationContext&)	0	static
RepRapFirmware/src/Platform/RepRap.cpp:379:21:static ExpressionValue RepRap::<lambda(const ObjectModel*, ObjectExplorationContext&)>::_FUN(const ObjectModel*, ObjectExplorationContext&)	0	static
RepRapFirmware/src/Platform/RepRap.cpp:381:16:static ExpressionValue RepRap::<lambda(const ObjectModel*, ObjectExplorationContext&)>::_FUN(const ObjectModel*, ObjectExplorationContext&)	0	static
RepRapFirmware/src/Platform/RepRap.cpp:382:18:static ExpressionValue RepRap::<lambda(const ObjectModel*, ObjectExplorationContext&)>::_FUN(const ObjectModel*, ObjectExplorationContext&)	0	static
RepRapFirmware/src/Platform/RepRap.cpp:383:16:static ExpressionValue RepRap::<lambda(const ObjectModel*, ObjectExplorationContext&)>::_FUN(const ObjectModel*, ObjectExplorationContext&)	0	static
RepRapFirmware/src/Platform/RepRap.cpp:384:18:static ExpressionValue RepRap::<lambda(const ObjectModel*, ObjectExplorationContext&)>::_FUN(const ObjectModel*, ObjectExplorationContext&)	0	static
RepRapFirmware/src/Platform/RepRap.cpp:385:15:static ExpressionValue RepRap::<lambda(const ObjectModel*, ObjectExplorationContext&)>::_FUN(const ObjectModel*, ObjectExplorationContext&)	0	static
RepRapFirmware/src/Platform/RepRap.cpp:387:16:static ExpressionValue RepRap::<lambda(const ObjectModel*, ObjectExplorationContext&)>::_FUN(const ObjectModel*, ObjectExplorationContext&)	0	static
RepRapFirmware/src/Platform/RepRap.cpp:389:18:static ExpressionValue RepRap::<lambda(const ObjectModel*, ObjectExplorationContext&)>::_FUN(const ObjectModel*, ObjectExplorationContext&)	0	static
RepRapFirmware/src/Platform/RepRap.cpp:391:17:static ExpressionValue RepRap::<lambda(const ObjectModel*, ObjectExplorationContext&)>::_FUN(const ObjectModel*, ObjectExplorationContext&)	0	static
RepRapFirmware/src/Platform/RepRap.cpp:396:18:static ExpressionValue RepRap::<lambda(const ObjectModel*, ObjectExplorationContext&)>::_FUN(const ObjectModel*, ObjectExplorationContext&)	0	static
RepRapFirmware/src/Platform/RepRap.cpp:397:19:static ExpressionValue RepRap::<lambda(const ObjectModel*, ObjectExplorationContext&)>::_FUN(const ObjectModel*, ObjectExplorationContext&)	0	static
RepRapFirmware/src/Platform/RepRap.cpp:398:17:static ExpressionValue RepRap::<lambda(const ObjectModel*, ObjectExplorationContext&)>::_FUN(const ObjectModel*, ObjectExplorationContext&)	0	static
RepRapFirmware/src/Platform/RepRap.cpp:399:17:static ExpressionValue RepRap::<lambda(const ObjectModel*, ObjectExplorationContext&)>::_FUN(const ObjectModel*, ObjectExplorationContext&)	0	static
RepRapFirmware/src/Platform/RepRap.cpp:401:21:static ExpressionValue RepRap::<lambda(const ObjectModel*, ObjectExplorationContext&)>::_FUN(const ObjectModel*, ObjectExplorationContext&)	0	static
RepRapFirmware/src/Platform/RepRap.cpp:402:18:static ExpressionValue RepRap::<lambda(const ObjectModel*, ObjectExplorationContext&)>::_FUN(const ObjectModel*, ObjectExplorationContext&)	0	static
RepRapFirmware/src/Platform/RepRap.cpp:423:1:virtual const ObjectModelClassDescriptor* RepRap::GetObjectModelClassDescriptor() const	0	static
./RRFLibraries/src/General/function_ref.h:31:41:) [with Callable = RepRap::GetStatusResponse(uint8_t, ResponseSource) const::<lambda(unsigned int)>; Ret = float; Params = {unsigned int}]	0	static
./RRFLibraries/src/General/function_ref.h:31:41:) [with Callable = RepRap::GetStatusResponse(uint8_t, ResponseSource) const::<lambda(unsigned int)>; Ret = float; Params = {unsigned int}]	0	static
./RRFLibraries/src/General/function_ref.h:31:41:) [with Callable = RepRap::GetStatusResponse(uint8_t, ResponseSource) const::<lambda(size_t)>; Ret = int; Params = {unsigned int}]	0	static
./RRFLibraries/src/General/function_ref.h:31:41:) [with Callable = RepRap::GetStatusResponse(uint8_t, ResponseSource) const::<lambda(size_t)>; Ret = int; Params = {unsigned int}]	0	static
./RRFLibraries/src/General/function_ref.h:31:41:) [with Callable = RepRap::GetStatusResponse(uint8_t, ResponseSource) const::<lambda(size_t)>; Ret = float; Params = {unsigned int}]	0	static
./RRFLibraries/src/General/function_ref.h:31:41:) [with Callable = RepRap::GetConfigResponse()::<lambda(size_t)>; Ret = float; Params = {unsigned int}]	0	static
./RRFLibraries/src/General/function_ref.h:31:41:) [with Callable = RepRap::GetConfigResponse()::<lambda(size_t)>; Ret = float; Params = {unsigned int}]	0	static
RepRapFirmware/src/Platform/RepRap.cpp:187:2:static size_t RepRap::<lambda(const ObjectModel*, const ObjectExplorationContext&)>::_FUN(const ObjectModel*, const ObjectExplorationContext&)	0	static
RepRapFirmware/src/Platform/RepRap.cpp:201:2:static size_t RepRap::<lambda(const ObjectModel*, const ObjectExplorationContext&)>::_FUN(const ObjectModel*, const ObjectExplorationContext&)	0	static
RepRapFirmware/src/Platform/RepRap.cpp:350:24:static ExpressionValue RepRap::<lambda(const ObjectModel*, ObjectExplorationContext&)>::_FUN(const ObjectModel*, ObjectExplorationContext&)	8	static
RepRapFirmware/src/Platform/RepRap.cpp:349:21:static ExpressionValue RepRap::<lambda(const ObjectModel*, ObjectExplorationContext&)>::_FUN(const ObjectModel*, ObjectExplorationContext&)	8	static
RepRapFirmware/src/Platform/RepRap.cpp:348:19:static ExpressionValue RepRap::<lambda(const ObjectModel*, ObjectExplorationContext&)>::_FUN(const ObjectModel*, ObjectExplorationContext&)	8	static
RepRapFirmware/src/Platform/RepRap.cpp:344:18:static ExpressionValue RepRap::<lambda(const ObjectModel*, ObjectExplorationContext&)>::_FUN(const ObjectModel*, ObjectExplorationContext&)	8	static
./RRFLibraries/src/General/function_ref.h:31:41:) [with Callable = RepRap::GetStatusResponse(uint8_t, ResponseSource) const::<lambda(unsigned int, unsigned int)>; Ret = void; Params = {unsigned int, unsigned int}]	16	static
./RRFLibraries/src/General/function_ref.h:31:41:) [with Callable = RepRap::GetStatusResponse(uint8_t, ResponseSource) const::<lambda(unsigned int, unsigned int)>; Ret = void; Params = {unsigned int, unsigned int}]	16	static
RepRapFirmware/src/Platform/RepRap.cpp:361:16:static ExpressionValue RepRap::<lambda(const ObjectModel*, ObjectExplorationContext&)>::_FUN(const ObjectModel*, ObjectExplorationContext&)	16	static
RepRapFirmware/src/Platform/RepRap.cpp:341:19:static ExpressionValue RepRap::<lambda(const ObjectModel*, ObjectExplorationContext&)>::_FUN(const ObjectModel*, ObjectExplorationContext&)	0	static
RepRapFirmware/src/Platform/RepRap.cpp:336:26:static ExpressionValue RepRap::<lambda(const ObjectModel*, ObjectExplorationContext&)>::_FUN(const ObjectModel*, ObjectExplorationContext&)	0	static
RepRapFirmware/src/Platform/RepRap.cpp:333:22:static ExpressionValue RepRap::<lambda(const ObjectModel*, ObjectExplorationContext&)>::_FUN(const ObjectModel*, ObjectExplorationContext&)	0	static
RepRapFirmware/src/Platform/RepRap.cpp:332:19:static ExpressionValue RepRap::<lambda(const ObjectModel*, ObjectExplorationContext&)>::_FUN(const ObjectModel*, ObjectExplorationContext&)	8	static
RepRapFirmware/src/Platform/RepRap.cpp:329:18:static ExpressionValue RepRap::<lambda(const ObjectModel*, ObjectExplorationContext&)>::_FUN(const ObjectModel*, ObjectExplorationContext&)	0	static
RepRapFirmware/src/Platform/RepRap.cpp:248:2:static ExpressionValue RepRap::<lambda(const ObjectModel*, ObjectExplorationContext&)>::_FUN(const ObjectModel*, ObjectExplorationContext&)	8	static
RepRapFirmware/src/Platform/RepRap.cpp:360:20:static ExpressionValue RepRap::<lambda(const ObjectModel*, ObjectExplorationContext&)>::_FUN(const ObjectModel*, ObjectExplorationContext&)	0	static
./RRFLibraries/src/General/Bitmap.h:254:31:void Bitmap<BaseType>::Iterate(function_ref<void(unsigned int, unsigned int)>) const [with BaseType = short unsigned int]	32	static
./RRFLibraries/src/General/function_ref.h:31:41:) [with Callable = RepRap::GetLegacyStatusResponse(uint8_t, int) const::<lambda(size_t)>; Ret = int; Params = {unsigned int}]	0	static
./RRFLibraries/src/General/function_ref.h:31:41:) [with Callable = RepRap::GetLegacyStatusResponse(uint8_t, int) const::<lambda(size_t)>; Ret = int; Params = {unsigned int}]	0	static
./RRFLibraries/src/General/function_ref.h:31:41:) [with Callable = RepRap::GetLegacyStatusResponse(uint8_t, int) const::<lambda(size_t)>; Ret = float; Params = {unsigned int}]	8	static
./RRFLibraries/src/General/function_ref.h:31:41:) [with Callable = RepRap::GetLegacyStatusResponse(uint8_t, int) const::<lambda(size_t)>; Ret = float; Params = {unsigned int}]	0	static
./RRFLibraries/src/General/function_ref.h:31:41:) [with Callable = RepRap::GetLegacyStatusResponse(uint8_t, int) const::<lambda(size_t)>; Ret = float; Params = {unsigned int}]	0	static
./RRFLibraries/src/General/function_ref.h:31:41:) [with Callable = RepRap::GetConfigResponse()::<lambda(size_t)>; Ret = float; Params = {unsigned int}]	0	static
./RRFLibraries/src/General/function_ref.h:31:41:) [with Callable = RepRap::GetConfigResponse()::<lambda(size_t)>; Ret = float; Params = {unsigned int}]	0	static
./RRFLibraries/src/General/function_ref.h:31:41:) [with Callable = RepRap::GetConfigResponse()::<lambda(size_t)>; Ret = int; Params = {unsigned int}]	0	static
./RRFLibraries/src/General/function_ref.h:31:41:) [with Callable = RepRap::GetConfigResponse()::<lambda(size_t)>; Ret = float; Params = {unsigned int}]	0	static
./RRFLibraries/src/General/function_ref.h:31:41:) [with Callable = RepRap::GetStatusResponse(uint8_t, ResponseSource) const::<lambda(size_t)>; Ret = float; Params = {unsigned int}]	0	static
./RRFLibraries/src/General/function_ref.h:31:41:) [with Callable = RepRap::GetStatusResponse(uint8_t, ResponseSource) const::<lambda(size_t)>; Ret = const char*; Params = {unsigned int}]	0	static
./RRFLibraries/src/General/function_ref.h:31:41:) [with Callable = RepRap::GetStatusResponse(uint8_t, ResponseSource) const::<lambda(size_t)>; Ret = int; Params = {unsigned int}]	16	static
./RRFLibraries/src/General/function_ref.h:31:41:) [with Callable = RepRap::GetStatusResponse(uint8_t, ResponseSource) const::<lambda(size_t)>; Ret = float; Params = {unsigned int}]	0	static
./RRFLibraries/src/General/function_ref.h:31:41:) [with Callable = RepRap::GetStatusResponse(uint8_t, ResponseSource) const::<lambda(size_t)>; Ret = int; Params = {unsigned int}]	0	static
./RRFLibraries/src/General/function_ref.h:31:41:) [with Callable = RepRap::GetStatusResponse(uint8_t, ResponseSource) const::<lambda(size_t)>; Ret = float; Params = {unsigned int}]	8	static
./RRFLibraries/src/General/function_ref.h:31:41:) [with Callable = RepRap::GetStatusResponse(uint8_t, ResponseSource) const::<lambda(size_t)>; Ret = const char*; Params = {unsigned int}]	0	static
./RRFLibraries/src/General/function_ref.h:31:41:) [with Callable = RepRap::GetStatusResponse(uint8_t, ResponseSource) const::<lambda(size_t)>; Ret = int; Params = {unsigned int}]	8	static
./RRFLibraries/src/General/function_ref.h:31:41:) [with Callable = RepRap::GetStatusResponse(uint8_t, ResponseSource) const::<lambda(size_t)>; Ret = float; Params = {unsigned int}]	0	static
./RRFLibraries/src/General/function_ref.h:31:41:) [with Callable = RepRap::GetStatusResponse(uint8_t, ResponseSource) const::<lambda(size_t)>; Ret = float; Params = {unsigned int}]	0	static
./RRFLibraries/src/General/function_ref.h:31:41:) [with Callable = RepRap::GetStatusResponse(uint8_t, ResponseSource) const::<lambda(size_t)>; Ret = float; Params = {unsigned int}]	0	static
./RRFLibraries/src/General/function_ref.h:31:41:) [with Callable = RepRap::GetStatusResponse(uint8_t, ResponseSource) const::<lambda(size_t)>; Ret = int; Params = {unsigned int}]	0	static
RepRapFirmware/src/Platform/RepRap.cpp:247:2:static size_t RepRap::<lambda(const ObjectModel*, const ObjectExplorationContext&)>::_FUN(const ObjectModel*, const ObjectExplorationContext&)	0	static
RepRapFirmware/src/Platform/RepRap.cpp:301:24:static ExpressionValue RepRap::<lambda(const ObjectModel*, ObjectExplorationContext&)>::_FUN(const ObjectModel*, ObjectExplorationContext&)	0	static
RepRapFirmware/src/Platform/RepRap.cpp:305:18:static ExpressionValue RepRap::<lambda(const ObjectModel*, ObjectExplorationContext&)>::_FUN(const ObjectModel*, ObjectExplorationContext&)	0	static
RepRapFirmware/src/Platform/RepRap.cpp:307:24:static ExpressionValue RepRap::<lambda(const ObjectModel*, ObjectExplorationContext&)>::_FUN(const ObjectModel*, ObjectExplorationContext&)	0	static
RepRapFirmware/src/Platform/RepRap.cpp:309:25:static ExpressionValue RepRap::<lambda(const ObjectModel*, ObjectExplorationContext&)>::_FUN(const ObjectModel*, ObjectExplorationContext&)	0	static
RepRapFirmware/src/Platform/RepRap.cpp:312:21:static ExpressionValue RepRap::<lambda(const ObjectModel*, ObjectExplorationContext&)>::_FUN(const ObjectModel*, ObjectExplorationContext&)	0	static
RepRapFirmware/src/Platform/RepRap.cpp:313:18:static ExpressionValue RepRap::<lambda(const ObjectModel*, ObjectExplorationContext&)>::_FUN(const ObjectModel*, ObjectExplorationContext&)	0	static
RepRapFirmware/src/Platform/RepRap.cpp:314:24:static ExpressionValue RepRap::<lambda(const ObjectModel*, ObjectExplorationContext&)>::_FUN(const ObjectModel*, ObjectExplorationContext&)	0	static
RepRapFirmware/src/Platform/RepRap.cpp:318:19:static ExpressionValue RepRap::<lambda(const ObjectModel*, ObjectExplorationContext&)>::_FUN(const ObjectModel*, ObjectExplorationContext&)	0	static
RepRapFirmware/src/Platform/RepRap.cpp:328:27:static ExpressionValue RepRap::<lambda(const ObjectModel*, ObjectExplorationContext&)>::_FUN(const ObjectModel*, ObjectExplorationContext&)	0	static
RepRapFirmware/src/Platform/RepRap.h:57:7:RepRap::~RepRap()	8	static
RepRapFirmware/src/Platform/RepRap.h:57:7:virtual RepRap::~RepRap()	8	static
./RRFLibraries/src/RTOSIface/RTOSIface.h:408:2:ReadLocker::~ReadLocker()	8	static
./RepRapFirmware/src/ObjectModel/ObjectModel.h:118:21:constexpr ExpressionValue::ExpressionValue(const ObjectModel*)	0	static
RepRapFirmware/src/Platform/RepRap.cpp:269:18:static ExpressionValue RepRap::<lambda(const ObjectModel*, ObjectExplorationContext&)>::_FUN(const ObjectModel*, ObjectExplorationContext&)	8	static
RepRapFirmware/src/Platform/RepRap.cpp:267:16:static ExpressionValue RepRap::<lambda(const ObjectModel*, ObjectExplorationContext&)>::_FUN(const ObjectModel*, ObjectExplorationContext&)	8	static
RepRapFirmware/src/Platform/RepRap.cpp:265:15:static ExpressionValue RepRap::<lambda(const ObjectModel*, ObjectExplorationContext&)>::_FUN(const ObjectModel*, ObjectExplorationContext&)	8	static
RepRapFirmware/src/Platform/RepRap.cpp:263:16:static ExpressionValue RepRap::<lambda(const ObjectModel*, ObjectExplorationContext&)>::_FUN(const ObjectModel*, ObjectExplorationContext&)	8	static
RepRapFirmware/src/Platform/RepRap.cpp:262:18:static ExpressionValue RepRap::<lambda(const ObjectModel*, ObjectExplorationContext&)>::_FUN(const ObjectModel*, ObjectExplorationContext&)	8	static
RepRapFirmware/src/Platform/RepRap.cpp:273:18:static ExpressionValue RepRap::<lambda(const ObjectModel*, ObjectExplorationContext&)>::_FUN(const ObjectModel*, ObjectExplorationContext&)	8	static
RepRapFirmware/src/Platform/RepRap.cpp:236:2:static ExpressionValue RepRap::<lambda(const ObjectModel*, ObjectExplorationContext&)>::_FUN(const ObjectModel*, ObjectExplorationContext&)	8	static
RepRapFirmware/src/Platform/RepRap.cpp:227:2:static ExpressionValue RepRap::<lambda(const ObjectModel*, ObjectExplorationContext&)>::_FUN(const ObjectModel*, ObjectExplorationContext&)	16	static
RepRapFirmware/src/Platform/RepRap.cpp:213:2:static ExpressionValue RepRap::<lambda(const ObjectModel*, ObjectExplorationContext&)>::_FUN(const ObjectModel*, ObjectExplorationContext&)	16	static
RepRapFirmware/src/Platform/RepRap.cpp:202:2:static ExpressionValue RepRap::<lambda(const ObjectModel*, ObjectExplorationContext&)>::_FUN(const ObjectModel*, ObjectExplorationContext&)	24	static
RepRapFirmware/src/Platform/RepRap.cpp:195:2:static ExpressionValue RepRap::<lambda(const ObjectModel*, ObjectExplorationContext&)>::_FUN(const ObjectModel*, ObjectExplorationContext&)	16	static
RepRapFirmware/src/Platform/RepRap.cpp:188:2:static ExpressionValue RepRap::<lambda(const ObjectModel*, ObjectExplorationContext&)>::_FUN(const ObjectModel*, ObjectExplorationContext&)	24	static
./RepRapFirmware/src/Movement/Move.h:120:14:const char* Move::GetGeometryString() const	0	static
RepRapFirmware/src/Platform/RepRap.cpp:729:6:void RepRap::Exit()	8	static
RepRapFirmware/src/Platform/RepRap.cpp:878:6:void RepRap::Timing(MessageType)	40	static
RepRapFirmware/src/Platform/RepRap.cpp:885:6:void RepRap::Diagnostics(MessageType)	104	static
RepRapFirmware/src/Platform/RepRap.cpp:754:6:void RepRap::Spin()	40	static
RepRapFirmware/src/Platform/RepRap.cpp:713:6:bool RepRap::RunStartupFile(const char*)	24	static
RepRapFirmware/src/Platform/RepRap.cpp:984:6:void RepRap::EmergencyStop()	32	static
RepRapFirmware/src/Platform/RepRap.cpp:1027:6:void RepRap::SetDebug(Module, uint32_t)	0	static
RepRapFirmware/src/Platform/RepRap.cpp:1035:6:void RepRap::ClearDebug()	0	static
RepRapFirmware/src/Platform/RepRap.cpp:433:1:RepRap::RepRap()	16	static
RepRapFirmware/src/Platform/RepRap.cpp:1043:6:void RepRap::PrintDebug(MessageType)	48	static
RepRapFirmware/src/Platform/RepRap.cpp:1068:6:void RepRap::AddTool(Tool*)	16	static
RepRapFirmware/src/Platform/RepRap.cpp:1171:25:ReadLockedPointer<Tool> RepRap::GetLockedCurrentTool() const	16	static
RepRapFirmware/src/Platform/RepRap.cpp:1177:25:ReadLockedPointer<Tool> RepRap::GetTool(int) const	24	static
RepRapFirmware/src/Platform/RepRap.cpp:1124:6:void RepRap::SelectTool(int, bool)	24	static
RepRapFirmware/src/Platform/RepRap.cpp:1082:6:void RepRap::DeleteTool(int)	24	static
RepRapFirmware/src/Platform/RepRap.cpp:1138:6:void RepRap::PrintTool(int, const StringRef&) const	16	static
RepRapFirmware/src/Platform/RepRap.cpp:1151:6:void RepRap::StandbyTool(int, bool)	32	static
RepRapFirmware/src/Platform/RepRap.cpp:220:2:static ExpressionValue RepRap::<lambda(const ObjectModel*, ObjectExplorationContext&)>::_FUN(const ObjectModel*, ObjectExplorationContext&)	24	static
RepRapFirmware/src/Platform/RepRap.cpp:1193:5:int RepRap::GetCurrentToolNumber() const	0	static
RepRapFirmware/src/Platform/RepRap.cpp:335:21:static ExpressionValue RepRap::<lambda(const ObjectModel*, ObjectExplorationContext&)>::_FUN(const ObjectModel*, ObjectExplorationContext&)	8	static
RepRapFirmware/src/Platform/RepRap.cpp:1200:25:ReadLockedPointer<Tool> RepRap::GetCurrentOrDefaultTool() const	16	static
RepRapFirmware/src/Platform/RepRap.cpp:1208:25:ReadLockedPointer<Tool> RepRap::GetFirstTool() const	16	static
RepRapFirmware/src/Platform/RepRap.cpp:1214:6:bool RepRap::IsHeaterAssignedToTool(int8_t) const	24	static
RepRapFirmware/src/Platform/RepRap.cpp:1232:14:unsigned int RepRap::GetNumberOfContiguousTools() const	16	static
RepRapFirmware/src/Platform/RepRap.cpp:1244:6:void RepRap::ReportToolTemperatures(const StringRef&, const Tool*, bool) const	64	static
RepRapFirmware/src/Platform/RepRap.cpp:1272:6:void RepRap::ReportAllToolTemperatures(const StringRef&) const	24	static
RepRapFirmware/src/Platform/RepRap.cpp:1285:13:GCodeResult RepRap::SetAllToolsFirmwareRetraction(GCodeBuffer&, const StringRef&, OutputBuffer*&)	24	static
RepRapFirmware/src/Platform/RepRap.cpp:1296:12:AxesBitmap RepRap::GetCurrentXAxes() const	0	static
RepRapFirmware/src/Platform/RepRap.cpp:1302:12:AxesBitmap RepRap::GetCurrentYAxes() const	0	static
RepRapFirmware/src/Platform/RepRap.cpp:1308:12:AxesBitmap RepRap::GetCurrentAxisMapping(unsigned int) const	0	static
RepRapFirmware/src/Platform/RepRap.cpp:1314:6:void RepRap::SetPreviousToolNumber()	0	static
RepRapFirmware/src/Platform/RepRap.cpp:1319:6:void RepRap::Tick()	16	static
RepRapFirmware/src/Platform/RepRap.cpp:1354:6:bool RepRap::SpinTimeoutImminent() const	0	static
RepRapFirmware/src/Platform/RepRap.cpp:2119:15:OutputBuffer* RepRap::GetFilesResponse(const char*, unsigned int, bool)	160	static
RepRapFirmware/src/Platform/RepRap.cpp:2198:15:OutputBuffer* RepRap::GetFilelistResponse(const char*, unsigned int)	208	static
RepRapFirmware/src/Platform/RepRap.cpp:2299:15:OutputBuffer* RepRap::GetThumbnailResponse(const char*, FilePosition, bool)	320	static
RepRapFirmware/src/Platform/RepRap.cpp:2404:13:GCodeResult RepRap::GetFileInfoResponse(const char*, OutputBuffer*&, bool)	416	static
RepRapFirmware/src/Platform/RepRap.cpp:2504:6:static void RepRap::AppendFloatArray(OutputBuffer*, const char*, size_t, function_ref<float(unsigned int)>, unsigned int)	32	static
RepRapFirmware/src/Platform/RepRap.cpp:2523:6:static void RepRap::AppendIntArray(OutputBuffer*, const char*, size_t, function_ref<int(unsigned int)>)	24	static
RepRapFirmware/src/Platform/RepRap.cpp:1864:15:OutputBuffer* RepRap::GetConfigResponse()	56	static
RepRapFirmware/src/Platform/RepRap.cpp:2541:6:static void RepRap::AppendStringArray(OutputBuffer*, const char*, size_t, function_ref<const char*(unsigned int)>)	24	static
RepRapFirmware/src/Platform/RepRap.cpp:2563:15:OutputBuffer* RepRap::GetModelResponse(const GCodeBuffer*, const char*, const char*) const	32	static
RepRapFirmware/src/Platform/RepRap.cpp:2601:6:void RepRap::Beep(unsigned int, unsigned int)	16	static
RepRapFirmware/src/Platform/RepRap.cpp:2633:6:void RepRap::SetMessage(const char*)	24	static
RepRapFirmware/src/Platform/RepRap.cpp:2649:6:void RepRap::SetAlert(const char*, const char*, int, float, AxesBitmap)	48	static
RepRapFirmware/src/Platform/RepRap.cpp:2664:6:void RepRap::ClearAlert()	16	static
RepRapFirmware/src/Platform/RepRap.cpp:2672:8:size_t RepRap::GetStatusIndex() const	8	static
RepRapFirmware/src/Platform/RepRap.cpp:2700:6:char RepRap::GetStatusCharacter() const	8	static
RepRapFirmware/src/Platform/RepRap.cpp:1950:15:OutputBuffer* RepRap::GetLegacyStatusResponse(uint8_t, int) const	104	static
RepRapFirmware/src/Platform/RepRap.cpp:1363:15:OutputBuffer* RepRap::GetStatusResponse(uint8_t, ResponseSource) const	120	static
RepRapFirmware/src/Platform/RepRap.cpp:2705:13:const char* RepRap::GetStatusString() const	8	static
RepRapFirmware/src/Platform/RepRap.cpp:359:18:static ExpressionValue RepRap::<lambda(const ObjectModel*, ObjectExplorationContext&)>::_FUN(const ObjectModel*, ObjectExplorationContext&)	8	static
RepRapFirmware/src/Platform/RepRap.cpp:2743:13:const char* RepRap::GetName() const	0	static
RepRapFirmware/src/Platform/RepRap.cpp:2748:6:void RepRap::SetName(const char*)	24	static
RepRapFirmware/src/Platform/RepRap.cpp:2760:14:unsigned int RepRap::GetProhibitedExtruderMovements(unsigned int, unsigned int)	40	static
RepRapFirmware/src/Platform/RepRap.cpp:2798:6:void RepRap::FlagTemperatureFault(int8_t)	24	static
RepRapFirmware/src/Platform/RepRap.cpp:2807:13:GCodeResult RepRap::ClearTemperatureFault(int8_t, const StringRef&)	24	static
./RepRapFirmware/src/targets/STM32/FirmwareUpdate.hpp:9:6:bool RepRap::CheckFirmwareUpdatePrerequisites(const StringRef&, const StringRef&)	40	static
./RepRapFirmware/src/targets/STM32/FirmwareUpdate.hpp:39:6:void RepRap::UpdateFirmware(const StringRef&)	128	static
RepRapFirmware/src/Platform/RepRap.cpp:2969:6:void RepRap::PrepareToLoadIap()	16	static
RepRapFirmware/src/Platform/RepRap.cpp:3028:6:void RepRap::StartIap(const char*)	120	static
RepRapFirmware/src/Platform/RepRap.cpp:3125:21:static uint32_t RepRap::DoDivide(uint32_t, uint32_t)	0	static
RepRapFirmware/src/Platform/RepRap.cpp:3131:17:static void RepRap::GenerateBusFault()	0	static
RepRapFirmware/src/Platform/RepRap.cpp:3153:18:static float RepRap::SinfCosf(float)	16	static
RepRapFirmware/src/Platform/RepRap.cpp:3159:18:static float RepRap::FastSqrtf(float)	0	static
RepRapFirmware/src/Platform/RepRap.cpp:3165:6:void RepRap::ReportInternalError(const char*, const char*, int) const	16	static
./RRFLibraries/src/General/String.h:66:27:void String<Len>::CopyAndPad(const char*) [with unsigned int Len = 20]	24	static
RepRapFirmware/src/Platform/RepRap.cpp:2731:6:bool RepRap::CheckPassword(const char*) const	72	static
RepRapFirmware/src/Platform/RepRap.cpp:2726:6:bool RepRap::NoPasswordSet() const	0	static
RepRapFirmware/src/Platform/RepRap.cpp:2738:6:void RepRap::SetPassword(const char*)	8	static
RepRapFirmware/src/Platform/RepRap.cpp:480:6:void RepRap::Init()	128	static
./RRFLibraries/src/General/String.h:98:26:) [with unsigned int Len = 20]	20	static
RepRapFirmware/src/Platform/RepRap.cpp:2822:6:bool RepRap::WriteToolSettings(FileStore*)	48	static
./RRFLibraries/src/General/String.h:107:26:) [with unsigned int Len = 256]	20	static
RepRapFirmware/src/Platform/RepRap.cpp:2857:6:bool RepRap::WriteToolParameters(FileStore*, bool)	328	static
RepRapFirmware/src/Platform/RepRap.cpp:3168:1:cpp)	0	static
