RepRapFirmware/src/Networking/ESP8266WiFi/WifiFirmwareUploader.cpp:108:10:uint32_t WifiFirmwareUploader::getData(unsigned int, const uint8_t*, int)	12	static
RepRapFirmware/src/Networking/ESP8266WiFi/WifiFirmwareUploader.cpp:127:6:void WifiFirmwareUploader::putData(uint32_t, unsigned int, uint8_t*, int)	0	static
RepRapFirmware/src/Networking/ESP8266WiFi/WifiFirmwareUploader.cpp:208:13:void WifiFirmwareUploader::WriteByteRaw(uint8_t)	0	static
RepRapFirmware/src/Networking/ESP8266WiFi/WifiFirmwareUploader.cpp:81:1:WifiFirmwareUploader::WifiFirmwareUploader(AsyncSerial&, WiFiInterface&)	0	static
RepRapFirmware/src/Networking/ESP8266WiFi/WifiFirmwareUploader.cpp:86:6:bool WifiFirmwareUploader::IsReady() const	0	static
RepRapFirmware/src/Networking/ESP8266WiFi/WifiFirmwareUploader.cpp:91:6:)	12	static
RepRapFirmware/src/Networking/ESP8266WiFi/WifiFirmwareUploader.cpp:99:6:void WifiFirmwareUploader::flushInput()	8	static
RepRapFirmware/src/Networking/ESP8266WiFi/WifiFirmwareUploader.cpp:108:10:uint32_t WifiFirmwareUploader::getData(unsigned int, const uint8_t*, int)	0	static
RepRapFirmware/src/Networking/ESP8266WiFi/WifiFirmwareUploader.cpp:127:6:void WifiFirmwareUploader::putData(uint32_t, unsigned int, uint8_t*, int)	0	static
RepRapFirmware/src/Networking/ESP8266WiFi/WifiFirmwareUploader.cpp:151:5:int WifiFirmwareUploader::ReadByte(uint8_t&, bool)	24	static
RepRapFirmware/src/Networking/ESP8266WiFi/WifiFirmwareUploader.cpp:202:6:void WifiFirmwareUploader::writePacketRaw(const uint8_t*, size_t)	0	static
RepRapFirmware/src/Networking/ESP8266WiFi/WifiFirmwareUploader.cpp:239:39:WifiFirmwareUploader::EspUploadResult WifiFirmwareUploader::readPacket(uint8_t, uint32_t*, size_t&, uint32_t)	64	static
RepRapFirmware/src/Networking/ESP8266WiFi/WifiFirmwareUploader.cpp:377:13:void WifiFirmwareUploader::writePacket(const uint8_t*, size_t)	16	static
RepRapFirmware/src/Networking/ESP8266WiFi/WifiFirmwareUploader.cpp:389:6:void WifiFirmwareUploader::writePacket(const uint8_t*, size_t, const uint8_t*, size_t)	32	static
RepRapFirmware/src/Networking/ESP8266WiFi/WifiFirmwareUploader.cpp:399:6:void WifiFirmwareUploader::writePacketRaw(const uint8_t*, size_t, const uint8_t*, size_t)	32	static
RepRapFirmware/src/Networking/ESP8266WiFi/WifiFirmwareUploader.cpp:409:6:void WifiFirmwareUploader::sendCommand(uint8_t, uint32_t, const uint8_t*, size_t)	40	static
RepRapFirmware/src/Networking/ESP8266WiFi/WifiFirmwareUploader.cpp:431:39:WifiFirmwareUploader::EspUploadResult WifiFirmwareUploader::doCommand(uint8_t, const uint8_t*, size_t, uint32_t, uint32_t*, uint32_t)	32	static
RepRapFirmware/src/Networking/ESP8266WiFi/WifiFirmwareUploader.cpp:446:39:WifiFirmwareUploader::EspUploadResult WifiFirmwareUploader::Sync(uint16_t)	72	static
RepRapFirmware/src/Networking/ESP8266WiFi/WifiFirmwareUploader.cpp:490:39:WifiFirmwareUploader::EspUploadResult WifiFirmwareUploader::flashBegin(uint32_t, uint32_t)	48	static
RepRapFirmware/src/Networking/ESP8266WiFi/WifiFirmwareUploader.cpp:508:39:WifiFirmwareUploader::EspUploadResult WifiFirmwareUploader::flashSPIAttach()	32	static
RepRapFirmware/src/Networking/ESP8266WiFi/WifiFirmwareUploader.cpp:517:39:WifiFirmwareUploader::EspUploadResult WifiFirmwareUploader::flashFinish(bool)	32	static
RepRapFirmware/src/Networking/ESP8266WiFi/WifiFirmwareUploader.cpp:525:10:static uint16_t WifiFirmwareUploader::checksum(const uint8_t*, uint16_t, uint16_t)	0	static
RepRapFirmware/src/Networking/ESP8266WiFi/WifiFirmwareUploader.cpp:537:39:WifiFirmwareUploader::EspUploadResult WifiFirmwareUploader::flashWriteBlock(uint16_t, uint16_t)	48	static
RepRapFirmware/src/Networking/ESP8266WiFi/WifiFirmwareUploader.cpp:589:39:WifiFirmwareUploader::EspUploadResult WifiFirmwareUploader::DoErase(uint32_t, uint32_t)	24	static
RepRapFirmware/src/Networking/ESP8266WiFi/WifiFirmwareUploader.cpp:616:6:void WifiFirmwareUploader::Spin()	16	static
RepRapFirmware/src/Networking/ESP8266WiFi/WifiFirmwareUploader.cpp:784:6:void WifiFirmwareUploader::SendUpdateFile(const char*, uint32_t)	32	static
RepRapFirmware/src/Networking/ESP8266WiFi/WifiFirmwareUploader.cpp:824:1:cpp)	0	static
