RepRapFirmware/src/Movement/AxisShaper.cpp:27:2:static constexpr size_t AxisShaper::<lambda(const ObjectModel*, const ObjectExplorationContext&)>::_FUN(const ObjectModel*, const ObjectExplorationContext&)	0	static
RepRapFirmware/src/Movement/AxisShaper.cpp:44:21:static ExpressionValue AxisShaper::<lambda(const ObjectModel*, ObjectExplorationContext&)>::_FUN(const ObjectModel*, ObjectExplorationContext&)	0	static
RepRapFirmware/src/Movement/AxisShaper.cpp:45:18:static ExpressionValue AxisShaper::<lambda(const ObjectModel*, ObjectExplorationContext&)>::_FUN(const ObjectModel*, ObjectExplorationContext&)	0	static
RepRapFirmware/src/Movement/AxisShaper.cpp:46:20:static ExpressionValue AxisShaper::<lambda(const ObjectModel*, ObjectExplorationContext&)>::_FUN(const ObjectModel*, ObjectExplorationContext&)	0	static
RepRapFirmware/src/Movement/AxisShaper.cpp:47:20:static ExpressionValue AxisShaper::<lambda(const ObjectModel*, ObjectExplorationContext&)>::_FUN(const ObjectModel*, ObjectExplorationContext&)	0	static
RepRapFirmware/src/Movement/AxisShaper.cpp:48:24:static ExpressionValue AxisShaper::<lambda(const ObjectModel*, ObjectExplorationContext&)>::_FUN(const ObjectModel*, ObjectExplorationContext&)	0	static
RepRapFirmware/src/Movement/AxisShaper.cpp:54:1:virtual const ObjectModelClassDescriptor* AxisShaper::GetObjectModelClassDescriptor() const	0	static
RepRapFirmware/src/Movement/AxisShaper.h:37:7:AxisShaper::~AxisShaper()	0	static
RepRapFirmware/src/Movement/AxisShaper.h:37:7:virtual AxisShaper::~AxisShaper()	8	static
RepRapFirmware/src/Movement/AxisShaper.cpp:36:2:static ExpressionValue AxisShaper::<lambda(const ObjectModel*, ObjectExplorationContext&)>::_FUN(const ObjectModel*, ObjectExplorationContext&)	16	static
RepRapFirmware/src/Movement/AxisShaper.cpp:28:2:static ExpressionValue AxisShaper::<lambda(const ObjectModel*, ObjectExplorationContext&)>::_FUN(const ObjectModel*, ObjectExplorationContext&)	16	static
RepRapFirmware/src/Movement/AxisShaper.cpp:35:2:static constexpr size_t AxisShaper::<lambda(const ObjectModel*, const ObjectExplorationContext&)>::_FUN(const ObjectModel*, const ObjectExplorationContext&)	0	static
RepRapFirmware/src/Movement/AxisShaper.cpp:49:17:static ExpressionValue AxisShaper::<lambda(const ObjectModel*, ObjectExplorationContext&)>::_FUN(const ObjectModel*, ObjectExplorationContext&)	0	static
./RepRapFirmware/src/GCodes/GCodeBuffer/GCodeBuffer.h:257:35:static constexpr uint32_t GCodeBuffer::ParametersToBitmap(const char*)	8	static
RepRapFirmware/src/Movement/AxisShaper.cpp:56:1:AxisShaper::AxisShaper()	8	static
RepRapFirmware/src/Movement/AxisShaper.cpp:66:13:GCodeResult AxisShaper::Configure(GCodeBuffer&, const StringRef&)	120	static
RepRapFirmware/src/Movement/AxisShaper.cpp:621:6:bool AxisShaper::ImplementAccelShaping(const DDA&, PrepParams&, float, float) const	0	static
RepRapFirmware/src/Movement/AxisShaper.cpp:578:6:void AxisShaper::TryShapeAccelBoth(DDA&, PrepParams&) const	16	static
RepRapFirmware/src/Movement/AxisShaper.cpp:561:6:void AxisShaper::TryShapeAccelEnd(const DDA&, PrepParams&) const	8	static
RepRapFirmware/src/Movement/AxisShaper.cpp:703:6:bool AxisShaper::ImplementDecelShaping(const DDA&, PrepParams&, float, float) const	0	static
RepRapFirmware/src/Movement/AxisShaper.cpp:660:6:void AxisShaper::TryShapeDecelBoth(DDA&, PrepParams&) const	16	static
RepRapFirmware/src/Movement/AxisShaper.cpp:643:6:void AxisShaper::TryShapeDecelStart(const DDA&, PrepParams&) const	8	static
RepRapFirmware/src/Movement/AxisShaper.cpp:725:14:MoveSegment* AxisShaper::GetAccelerationSegments(const DDA&, PrepParams&) const	64	static
RepRapFirmware/src/Movement/AxisShaper.cpp:830:14:MoveSegment* AxisShaper::GetDecelerationSegments(const DDA&, PrepParams&) const	64	static
RepRapFirmware/src/Movement/AxisShaper.cpp:936:14:MoveSegment* AxisShaper::FinishShapedSegments(const DDA&, const PrepParams&, MoveSegment*, MoveSegment*) const	16	static
RepRapFirmware/src/Movement/AxisShaper.cpp:367:6:void AxisShaper::PlanShaping(DDA&, PrepParams&, bool) const	40	static
RepRapFirmware/src/Movement/AxisShaper.cpp:981:25:static MoveSegment* AxisShaper::GetUnshapedSegments(DDA&, const PrepParams&)	16	static
RepRapFirmware/src/Movement/AxisShaper.cpp:1015:1:cpp)	0	static
