RepRapFirmware/src/Movement/DriveMovement.cpp:31:6:static void DriveMovement::InitialAllocate(unsigned int)	16	static
RepRapFirmware/src/Movement/DriveMovement.cpp:41:16:static DriveMovement* DriveMovement::Allocate(size_t, DMState)	16	static
RepRapFirmware/src/Movement/DriveMovement.cpp:60:1:DriveMovement::DriveMovement(DriveMovement*)	0	static
RepRapFirmware/src/Movement/DriveMovement.cpp:66:6:void DriveMovement::DebugPrint() const	104	static
RepRapFirmware/src/Movement/DriveMovement.cpp:114:6:bool DriveMovement::NewCartesianSegment()	4	static
RepRapFirmware/src/Movement/DriveMovement.cpp:319:6:bool DriveMovement::NewExtruderSegment()	8	static
RepRapFirmware/src/Movement/DriveMovement.cpp:902:6:bool DriveMovement::CalcNextStepTimeFull(const DDA&)	16	static
RepRapFirmware/src/Movement/DriveMovement.cpp:630:6:bool DriveMovement::PrepareExtruder(const DDA&, const PrepParams&)	24	static
RepRapFirmware/src/Movement/DriveMovement.cpp:408:6:bool DriveMovement::PrepareCartesianAxis(const DDA&, const PrepParams&)	16	static
RepRapFirmware/src/Movement/DriveMovement.cpp:1154:1:cpp)	0	static
