RepRapFirmware/src/Movement/StepTimer.cpp:61:6:static void StepTimer::Init()	16	static
RepRapFirmware/src/Movement/StepTimer.cpp:228:6:static bool StepTimer::ScheduleTimerInterrupt(uint32_t)	0	static
RepRapFirmware/src/Movement/StepTimer.cpp:263:6:static void StepTimer::DisableTimerInterrupt()	0	static
RepRapFirmware/src/Movement/StepTimer.cpp:384:17:static void StepTimer::Interrupt()	24	static
RepRapFirmware/src/Movement/StepTimer.cpp:414:6:void TIM5_IRQHandler()	0	static
RepRapFirmware/src/Movement/StepTimer.cpp:451:1:StepTimer::StepTimer()	0	static
RepRapFirmware/src/Movement/StepTimer.cpp:456:6:void StepTimer::SetCallback(StepTimer::TimerCallbackFunction, CallbackParameter)	0	static
RepRapFirmware/src/Movement/StepTimer.cpp:469:6:bool StepTimer::ScheduleCallbackFromIsr()	12	static
RepRapFirmware/src/Movement/StepTimer.cpp:463:6:bool StepTimer::ScheduleCallbackFromIsr(StepTimer::Ticks)	0	static
RepRapFirmware/src/Movement/StepTimer.cpp:515:6:bool StepTimer::ScheduleCallback(StepTimer::Ticks)	8	static
RepRapFirmware/src/Movement/StepTimer.cpp:524:6:void StepTimer::CancelCallbackFromIsr()	0	static
RepRapFirmware/src/Movement/StepTimer.cpp:537:6:void StepTimer::CancelCallback()	8	static
RepRapFirmware/src/Movement/StepTimer.cpp:545:21:uint32_t StepTimerGetTimerTicks()	0	static
RepRapFirmware/src/Movement/StepTimer.cpp:548:1:cpp)	8	static
