RepRapFirmware/src/targets/STM32/BoardConfig.cpp:274:20:bool isSpaceOrTab(char)	0	static
RepRapFirmware/src/targets/STM32/BoardConfig.cpp:400:20:const char* GetBootloaderString()	8	static
RepRapFirmware/src/targets/STM32/BoardConfig.cpp:331:13:void ConfigureSPIPins(SSPChannel, Pin, Pin, Pin)	40	static
RepRapFirmware/src/targets/STM32/BoardConfig.cpp:348:13:)	12	static
RepRapFirmware/src/targets/STM32/BoardConfig.cpp:336:13:)	16	static
RepRapFirmware/src/targets/STM32/BoardConfig.cpp:356:13:void FlushMessages()	16	static
RepRapFirmware/src/targets/STM32/BoardConfig.cpp:158:10:uint32_t crc32_for_byte(uint32_t)	0	static
RepRapFirmware/src/targets/STM32/BoardConfig.cpp:165:10:uint32_t crc32(const void*, size_t)	1048	static
RepRapFirmware/src/targets/STM32/BoardConfig.cpp:279:1:BoardConfig::BoardConfig()	0	static
RepRapFirmware/src/targets/STM32/BoardConfig.cpp:752:5:static Pin BoardConfig::StringToPin(const char*)	24	static
RepRapFirmware/src/targets/STM32/BoardConfig.cpp:784:5:static Pin BoardConfig::LookupPin(char*)	24	static
RepRapFirmware/src/targets/STM32/BoardConfig.cpp:804:6:static void BoardConfig::PrintValue(MessageType, configValueType, void*)	8	static
RepRapFirmware/src/targets/STM32/BoardConfig.cpp:848:6:static void BoardConfig::Diagnostics(MessageType)	368	static
RepRapFirmware/src/targets/STM32/BoardConfig.cpp:967:6:static void BoardConfig::SetValueFromString(configValueType, void*, char*)	24	static
RepRapFirmware/src/targets/STM32/BoardConfig.cpp:1102:6:static bool BoardConfig::GetConfigKeys(FileStore*, const boardConfigEntry_t*, size_t)	192	dynamic
RepRapFirmware/src/targets/STM32/BoardConfig.cpp:1042:6:static bool BoardConfig::LoadBoardConfigFromFile()	8	static
RepRapFirmware/src/targets/STM32/BoardConfig.cpp:569:6:static void BoardConfig::Init()	280	static
RepRapFirmware/src/targets/STM32/BoardConfig.cpp:1324:6:void assert_failed(uint8_t*, uint32_t)	0	static
RepRapFirmware/src/targets/STM32/BoardConfig.cpp:1327:1:cpp)	0	static
