CoreN2G/src/STM32/PWM/HybridPWM.cpp:10:1:HybridPWMPin::HybridPWMPin()	0	static
CoreN2G/src/STM32/PWM/HybridPWM.cpp:15:15:static HybridPWMPin* HybridPWMPin::find(Pin)	8	static
CoreN2G/src/STM32/PWM/HybridPWM.cpp:24:15:static HybridPWMPin* HybridPWMPin::allocate(Pin, float)	16	static
CoreN2G/src/STM32/PWM/HybridPWM.cpp:50:6:void HybridPWMPin::free()	8	static
CoreN2G/src/STM32/PWM/HybridPWM.cpp:87:6:void HybridPWMPin::appendStatus(const StringRef&)	40	static
CoreN2G/src/STM32/PWM/HybridPWM.cpp:94:1:HybridPWMBase::HybridPWMBase()	0	static
CoreN2G/src/STM32/PWM/HybridPWM.cpp:99:16:static HybridPWMBase* HybridPWMBase::allocate(HybridPWMPin*, Pin, uint32_t, float)	32	static
CoreN2G/src/STM32/PWM/HybridPWM.cpp:60:6:void HybridPWMPin::set(float, uint32_t)	24	static
CoreN2G/src/STM32/PWM/HybridPWM.cpp:107:1:cpp)	8	static
