CoreN2G/src/STM32/PWM/SoftwarePWM.cpp:136:6:void SPWM_Handler(HardwareTimer*)	0	static
CoreN2G/src/STM32/PWM/SoftwarePWM.cpp:46:13:void updateActive()	16	static
CoreN2G/src/STM32/PWM/SoftwarePWM.cpp:270:6:virtual void SoftwarePWM::free()	8	static
CoreN2G/src/STM32/PWM/SoftwarePWM.cpp:343:6:virtual void SoftwarePWM::appendStatus(const StringRef&)	32	static
CoreN2G/src/STM32/PWM/SoftwarePWM.cpp:77:6:void syncAll()	8	static
CoreN2G/src/STM32/PWM/SoftwarePWM.cpp:141:6:void TIM7_IRQHandler()	56	static
CoreN2G/src/STM32/PWM/SoftwarePWM.cpp:252:6:void SPWMDiagnostics()	72	static
CoreN2G/src/STM32/PWM/SoftwarePWM.cpp:266:1:SoftwarePWM::SoftwarePWM()	8	static
CoreN2G/src/STM32/PWM/SoftwarePWM.cpp:295:6:void SoftwarePWM::setValue(Pin, float)	24	static
CoreN2G/src/STM32/PWM/SoftwarePWM.cpp:279:16:static HybridPWMBase* SoftwarePWM::allocate(Pin, uint32_t, float)	24	static
CoreN2G/src/STM32/PWM/SoftwarePWM.cpp:338:6:virtual void SoftwarePWM::setValue(float)	0	static
CoreN2G/src/STM32/PWM/SoftwarePWM.cpp:352:1:cpp)	16	static
